Analysis & Synthesis report for UART_Alone
Thu Dec 26 00:37:47 2024
Quartus Prime Version 18.1.0 Build 625 09/12/2018 SJ Lite Edition


---------------------
; Table of Contents ;
---------------------
  1. Legal Notice
  2. Analysis & Synthesis Summary
  3. Analysis & Synthesis Settings
  4. Parallel Compilation
  5. Analysis & Synthesis Source Files Read
  6. Analysis & Synthesis Resource Usage Summary
  7. Analysis & Synthesis Resource Utilization by Entity
  8. State Machine - |DE10_Lite_UART|SIGNAL_Etape_Lecture
  9. State Machine - |DE10_Lite_UART|SIGNAL_Etape
 10. Registers Removed During Synthesis
 11. General Register Statistics
 12. Inverted Register Statistics
 13. Multiplexer Restructuring Statistics (Restructuring Performed)
 14. Post-Synthesis Netlist Statistics for Top Partition
 15. Elapsed Time Per Partition
 16. Analysis & Synthesis Messages



----------------
; Legal Notice ;
----------------
Copyright (C) 2018  Intel Corporation. All rights reserved.
Your use of Intel Corporation's design tools, logic functions 
and other software and tools, and its AMPP partner logic 
functions, and any output files from any of the foregoing 
(including device programming or simulation files), and any 
associated documentation or information are expressly subject 
to the terms and conditions of the Intel Program License 
Subscription Agreement, the Intel Quartus Prime License Agreement,
the Intel FPGA IP License Agreement, or other applicable license
agreement, including, without limitation, that your use is for
the sole purpose of programming logic devices manufactured by
Intel and sold by Intel or its authorized distributors.  Please
refer to the applicable agreement for further details.



+----------------------------------------------------------------------------------+
; Analysis & Synthesis Summary                                                     ;
+------------------------------------+---------------------------------------------+
; Analysis & Synthesis Status        ; Successful - Thu Dec 26 00:37:47 2024       ;
; Quartus Prime Version              ; 18.1.0 Build 625 09/12/2018 SJ Lite Edition ;
; Revision Name                      ; UART_Alone                                  ;
; Top-level Entity Name              ; DE10_Lite_UART                              ;
; Family                             ; MAX 10                                      ;
; Total logic elements               ; 118                                         ;
;     Total combinational functions  ; 90                                          ;
;     Dedicated logic registers      ; 68                                          ;
; Total registers                    ; 68                                          ;
; Total pins                         ; 100                                         ;
; Total virtual pins                 ; 0                                           ;
; Total memory bits                  ; 0                                           ;
; Embedded Multiplier 9-bit elements ; 0                                           ;
; Total PLLs                         ; 0                                           ;
; UFM blocks                         ; 0                                           ;
; ADC blocks                         ; 0                                           ;
+------------------------------------+---------------------------------------------+


+------------------------------------------------------------------------------------------------------------+
; Analysis & Synthesis Settings                                                                              ;
+------------------------------------------------------------------+--------------------+--------------------+
; Option                                                           ; Setting            ; Default Value      ;
+------------------------------------------------------------------+--------------------+--------------------+
; Device                                                           ; 10M50DAF484C6GES   ;                    ;
; Top-level entity name                                            ; DE10_Lite_UART     ; UART_Alone         ;
; Family name                                                      ; MAX 10             ; Cyclone V          ;
; Use smart compilation                                            ; Off                ; Off                ;
; Enable parallel Assembler and Timing Analyzer during compilation ; On                 ; On                 ;
; Enable compact report table                                      ; Off                ; Off                ;
; Restructure Multiplexers                                         ; Auto               ; Auto               ;
; Create Debugging Nodes for IP Cores                              ; Off                ; Off                ;
; Preserve fewer node names                                        ; On                 ; On                 ;
; Intel FPGA IP Evaluation Mode                                    ; Enable             ; Enable             ;
; Verilog Version                                                  ; Verilog_2001       ; Verilog_2001       ;
; VHDL Version                                                     ; VHDL_1993          ; VHDL_1993          ;
; State Machine Processing                                         ; Auto               ; Auto               ;
; Safe State Machine                                               ; Off                ; Off                ;
; Extract Verilog State Machines                                   ; On                 ; On                 ;
; Extract VHDL State Machines                                      ; On                 ; On                 ;
; Ignore Verilog initial constructs                                ; Off                ; Off                ;
; Iteration limit for constant Verilog loops                       ; 5000               ; 5000               ;
; Iteration limit for non-constant Verilog loops                   ; 250                ; 250                ;
; Add Pass-Through Logic to Inferred RAMs                          ; On                 ; On                 ;
; Infer RAMs from Raw Logic                                        ; On                 ; On                 ;
; Parallel Synthesis                                               ; On                 ; On                 ;
; DSP Block Balancing                                              ; Auto               ; Auto               ;
; NOT Gate Push-Back                                               ; On                 ; On                 ;
; Power-Up Don't Care                                              ; On                 ; On                 ;
; Remove Redundant Logic Cells                                     ; Off                ; Off                ;
; Remove Duplicate Registers                                       ; On                 ; On                 ;
; Ignore CARRY Buffers                                             ; Off                ; Off                ;
; Ignore CASCADE Buffers                                           ; Off                ; Off                ;
; Ignore GLOBAL Buffers                                            ; Off                ; Off                ;
; Ignore ROW GLOBAL Buffers                                        ; Off                ; Off                ;
; Ignore LCELL Buffers                                             ; Off                ; Off                ;
; Ignore SOFT Buffers                                              ; On                 ; On                 ;
; Limit AHDL Integers to 32 Bits                                   ; Off                ; Off                ;
; Optimization Technique                                           ; Balanced           ; Balanced           ;
; Carry Chain Length                                               ; 70                 ; 70                 ;
; Auto Carry Chains                                                ; On                 ; On                 ;
; Auto Open-Drain Pins                                             ; On                 ; On                 ;
; Perform WYSIWYG Primitive Resynthesis                            ; Off                ; Off                ;
; Auto ROM Replacement                                             ; On                 ; On                 ;
; Auto RAM Replacement                                             ; On                 ; On                 ;
; Auto DSP Block Replacement                                       ; On                 ; On                 ;
; Auto Shift Register Replacement                                  ; Auto               ; Auto               ;
; Allow Shift Register Merging across Hierarchies                  ; Auto               ; Auto               ;
; Auto Clock Enable Replacement                                    ; On                 ; On                 ;
; Strict RAM Replacement                                           ; Off                ; Off                ;
; Allow Synchronous Control Signals                                ; On                 ; On                 ;
; Force Use of Synchronous Clear Signals                           ; Off                ; Off                ;
; Auto RAM Block Balancing                                         ; On                 ; On                 ;
; Auto RAM to Logic Cell Conversion                                ; Off                ; Off                ;
; Auto Resource Sharing                                            ; Off                ; Off                ;
; Allow Any RAM Size For Recognition                               ; Off                ; Off                ;
; Allow Any ROM Size For Recognition                               ; Off                ; Off                ;
; Allow Any Shift Register Size For Recognition                    ; Off                ; Off                ;
; Use LogicLock Constraints during Resource Balancing              ; On                 ; On                 ;
; Ignore translate_off and synthesis_off directives                ; Off                ; Off                ;
; Timing-Driven Synthesis                                          ; On                 ; On                 ;
; Report Parameter Settings                                        ; On                 ; On                 ;
; Report Source Assignments                                        ; On                 ; On                 ;
; Report Connectivity Checks                                       ; On                 ; On                 ;
; Ignore Maximum Fan-Out Assignments                               ; Off                ; Off                ;
; Synchronization Register Chain Length                            ; 2                  ; 2                  ;
; Power Optimization During Synthesis                              ; Normal compilation ; Normal compilation ;
; HDL message level                                                ; Level2             ; Level2             ;
; Suppress Register Optimization Related Messages                  ; Off                ; Off                ;
; Number of Removed Registers Reported in Synthesis Report         ; 5000               ; 5000               ;
; Number of Swept Nodes Reported in Synthesis Report               ; 5000               ; 5000               ;
; Number of Inverted Registers Reported in Synthesis Report        ; 100                ; 100                ;
; Clock MUX Protection                                             ; On                 ; On                 ;
; Auto Gated Clock Conversion                                      ; Off                ; Off                ;
; Block Design Naming                                              ; Auto               ; Auto               ;
; SDC constraint protection                                        ; Off                ; Off                ;
; Synthesis Effort                                                 ; Auto               ; Auto               ;
; Shift Register Replacement - Allow Asynchronous Clear Signal     ; On                 ; On                 ;
; Pre-Mapping Resynthesis Optimization                             ; Off                ; Off                ;
; Analysis & Synthesis Message Level                               ; Medium             ; Medium             ;
; Disable Register Merging Across Hierarchies                      ; Auto               ; Auto               ;
; Resource Aware Inference For Block RAM                           ; On                 ; On                 ;
+------------------------------------------------------------------+--------------------+--------------------+


+------------------------------------------+
; Parallel Compilation                     ;
+----------------------------+-------------+
; Processors                 ; Number      ;
+----------------------------+-------------+
; Number detected on machine ; 8           ;
; Maximum allowed            ; 4           ;
;                            ;             ;
; Average used               ; 1.00        ;
; Maximum used               ; 4           ;
;                            ;             ;
; Usage by Processor         ; % Time Used ;
;     Processor 1            ; 100.0%      ;
;     Processors 2-4         ;   0.0%      ;
+----------------------------+-------------+


+-------------------------------------------------------------------------------------------------------------------------------------------------------------------+
; Analysis & Synthesis Source Files Read                                                                                                                            ;
+----------------------------------+-----------------+-----------------+----------------------------------------------------------------------------------+---------+
; File Name with User-Entered Path ; Used in Netlist ; File Type       ; File Name with Absolute Path                                                     ; Library ;
+----------------------------------+-----------------+-----------------+----------------------------------------------------------------------------------+---------+
; ../../../src/DE10_Lite_UART.vhd  ; yes             ; User VHDL File  ; C:/Users/vladi/Desktop/Elec/Architecture_SE/Radar_2D_Vlad/src/DE10_Lite_UART.vhd ;         ;
+----------------------------------+-----------------+-----------------+----------------------------------------------------------------------------------+---------+


+---------------------------------------------------------+
; Analysis & Synthesis Resource Usage Summary             ;
+---------------------------------------------+-----------+
; Resource                                    ; Usage     ;
+---------------------------------------------+-----------+
; Estimated Total logic elements              ; 118       ;
;                                             ;           ;
; Total combinational functions               ; 90        ;
; Logic element usage by number of LUT inputs ;           ;
;     -- 4 input functions                    ; 50        ;
;     -- 3 input functions                    ; 14        ;
;     -- <=2 input functions                  ; 26        ;
;                                             ;           ;
; Logic elements by mode                      ;           ;
;     -- normal mode                          ; 77        ;
;     -- arithmetic mode                      ; 13        ;
;                                             ;           ;
; Total registers                             ; 68        ;
;     -- Dedicated logic registers            ; 68        ;
;     -- I/O registers                        ; 0         ;
;                                             ;           ;
; I/O pins                                    ; 100       ;
;                                             ;           ;
; Embedded Multiplier 9-bit elements          ; 0         ;
;                                             ;           ;
; Maximum fan-out node                        ; Clk~input ;
; Maximum fan-out                             ; 68        ;
; Total fan-out                               ; 639       ;
; Average fan-out                             ; 1.78      ;
+---------------------------------------------+-----------+


+---------------------------------------------------------------------------------------------------------------------------------------------------------------------------------------------------------------------------------------+
; Analysis & Synthesis Resource Utilization by Entity                                                                                                                                                                                   ;
+----------------------------+---------------------+---------------------------+-------------+------------+--------------+---------+-----------+------+--------------+------------+---------------------+----------------+--------------+
; Compilation Hierarchy Node ; Combinational ALUTs ; Dedicated Logic Registers ; Memory Bits ; UFM Blocks ; DSP Elements ; DSP 9x9 ; DSP 18x18 ; Pins ; Virtual Pins ; ADC blocks ; Full Hierarchy Name ; Entity Name    ; Library Name ;
+----------------------------+---------------------+---------------------------+-------------+------------+--------------+---------+-----------+------+--------------+------------+---------------------+----------------+--------------+
; |DE10_Lite_UART            ; 90 (90)             ; 68 (68)                   ; 0           ; 0          ; 0            ; 0       ; 0         ; 100  ; 0            ; 0          ; |DE10_Lite_UART     ; DE10_Lite_UART ; work         ;
+----------------------------+---------------------+---------------------------+-------------+------------+--------------+---------+-----------+------+--------------+------------+---------------------+----------------+--------------+
Note: For table entries with two numbers listed, the numbers in parentheses indicate the number of resources of the given type used by the specific entity alone. The numbers listed outside of parentheses indicate the total resources of the given type used by the specific entity and all of its sub-entities in the hierarchy.


Encoding Type:  One-Hot
+--------------------------------------------------------------------------------------------------------------------------------------------------------------------------------------------+
; State Machine - |DE10_Lite_UART|SIGNAL_Etape_Lecture                                                                                                                                       ;
+----------------------------------------+-----------------------------------+-------------------------------------+--------------------------------+----------------------------------------+
; Name                                   ; SIGNAL_Etape_Lecture.Refresh_Data ; SIGNAL_Etape_Lecture.Check_Stop_Bit ; SIGNAL_Etape_Lecture.Load_Data ; SIGNAL_Etape_Lecture.Waiting_Start_Bit ;
+----------------------------------------+-----------------------------------+-------------------------------------+--------------------------------+----------------------------------------+
; SIGNAL_Etape_Lecture.Waiting_Start_Bit ; 0                                 ; 0                                   ; 0                              ; 0                                      ;
; SIGNAL_Etape_Lecture.Load_Data         ; 0                                 ; 0                                   ; 1                              ; 1                                      ;
; SIGNAL_Etape_Lecture.Check_Stop_Bit    ; 0                                 ; 1                                   ; 0                              ; 1                                      ;
; SIGNAL_Etape_Lecture.Refresh_Data      ; 1                                 ; 0                                   ; 0                              ; 1                                      ;
+----------------------------------------+-----------------------------------+-------------------------------------+--------------------------------+----------------------------------------+


Encoding Type:  One-Hot
+-------------------------------------------------------------------------------------------------------------------------------------------------------------------------------------+
; State Machine - |DE10_Lite_UART|SIGNAL_Etape                                                                                                                                        ;
+---------------------------+-----------------------+------------------------+------------------------+-----------------------+---------------------------+---------------------------+
; Name                      ; SIGNAL_Etape.Stop_Bit ; SIGNAL_Etape.Send_Bits ; SIGNAL_Etape.Start_Bit ; SIGNAL_Etape.Load_Reg ; SIGNAL_Etape.Wait_Release ; SIGNAL_Etape.Waiting_step ;
+---------------------------+-----------------------+------------------------+------------------------+-----------------------+---------------------------+---------------------------+
; SIGNAL_Etape.Waiting_step ; 0                     ; 0                      ; 0                      ; 0                     ; 0                         ; 0                         ;
; SIGNAL_Etape.Wait_Release ; 0                     ; 0                      ; 0                      ; 0                     ; 1                         ; 1                         ;
; SIGNAL_Etape.Load_Reg     ; 0                     ; 0                      ; 0                      ; 1                     ; 0                         ; 1                         ;
; SIGNAL_Etape.Start_Bit    ; 0                     ; 0                      ; 1                      ; 0                     ; 0                         ; 1                         ;
; SIGNAL_Etape.Send_Bits    ; 0                     ; 1                      ; 0                      ; 0                     ; 0                         ; 1                         ;
; SIGNAL_Etape.Stop_Bit     ; 1                     ; 0                      ; 0                      ; 0                     ; 0                         ; 1                         ;
+---------------------------+-----------------------+------------------------+------------------------+-----------------------+---------------------------+---------------------------+


+--------------------------------------------------------------------------------+
; Registers Removed During Synthesis                                             ;
+---------------------------------------+----------------------------------------+
; Register name                         ; Reason for Removal                     ;
+---------------------------------------+----------------------------------------+
; SIGNAL_Data_Reg[0]                    ; Stuck at GND due to stuck port data_in ;
; Total Number of Removed Registers = 1 ;                                        ;
+---------------------------------------+----------------------------------------+


+------------------------------------------------------+
; General Register Statistics                          ;
+----------------------------------------------+-------+
; Statistic                                    ; Value ;
+----------------------------------------------+-------+
; Total registers                              ; 68    ;
; Number of registers using Synchronous Clear  ; 0     ;
; Number of registers using Synchronous Load   ; 0     ;
; Number of registers using Asynchronous Clear ; 67    ;
; Number of registers using Asynchronous Load  ; 0     ;
; Number of registers using Clock Enable       ; 36    ;
; Number of registers using Preset             ; 0     ;
+----------------------------------------------+-------+


+--------------------------------------------------+
; Inverted Register Statistics                     ;
+----------------------------------------+---------+
; Inverted Register                      ; Fan out ;
+----------------------------------------+---------+
; Uart_Tx~reg0                           ; 2       ;
; Total number of inverted registers = 1 ;         ;
+----------------------------------------+---------+


+------------------------------------------------------------------------------------------------------------------------------------------------------+
; Multiplexer Restructuring Statistics (Restructuring Performed)                                                                                       ;
+--------------------+-----------+---------------+----------------------+------------------------+------------+----------------------------------------+
; Multiplexer Inputs ; Bus Width ; Baseline Area ; Area if Restructured ; Saving if Restructured ; Registered ; Example Multiplexer Output             ;
+--------------------+-----------+---------------+----------------------+------------------------+------------+----------------------------------------+
; 5:1                ; 4 bits    ; 12 LEs        ; 4 LEs                ; 8 LEs                  ; Yes        ; |DE10_Lite_UART|SIGNAL_Bit_Index_Rx[0] ;
; 5:1                ; 4 bits    ; 12 LEs        ; 4 LEs                ; 8 LEs                  ; Yes        ; |DE10_Lite_UART|SIGNAL_Bit_Index_Tx[0] ;
; 8:1                ; 3 bits    ; 15 LEs        ; 9 LEs                ; 6 LEs                  ; No         ; |DE10_Lite_UART|SIGNAL_Etape           ;
; 10:1               ; 4 bits    ; 24 LEs        ; 16 LEs               ; 8 LEs                  ; No         ; |DE10_Lite_UART|SIGNAL_Etape_Lecture   ;
+--------------------+-----------+---------------+----------------------+------------------------+------------+----------------------------------------+


+-----------------------------------------------------+
; Post-Synthesis Netlist Statistics for Top Partition ;
+-----------------------+-----------------------------+
; Type                  ; Count                       ;
+-----------------------+-----------------------------+
; boundary_port         ; 100                         ;
; cycloneiii_ff         ; 68                          ;
;     CLR               ; 32                          ;
;     ENA               ; 1                           ;
;     ENA CLR           ; 35                          ;
; cycloneiii_lcell_comb ; 92                          ;
;     arith             ; 13                          ;
;         2 data inputs ; 13                          ;
;     normal            ; 79                          ;
;         0 data inputs ; 1                           ;
;         1 data inputs ; 3                           ;
;         2 data inputs ; 11                          ;
;         3 data inputs ; 14                          ;
;         4 data inputs ; 50                          ;
;                       ;                             ;
; Max LUT depth         ; 5.00                        ;
; Average LUT depth     ; 2.39                        ;
+-----------------------+-----------------------------+


+-------------------------------+
; Elapsed Time Per Partition    ;
+----------------+--------------+
; Partition Name ; Elapsed Time ;
+----------------+--------------+
; Top            ; 00:00:00     ;
+----------------+--------------+


+-------------------------------+
; Analysis & Synthesis Messages ;
+-------------------------------+
Info: *******************************************************************
Info: Running Quartus Prime Analysis & Synthesis
    Info: Version 18.1.0 Build 625 09/12/2018 SJ Lite Edition
    Info: Processing started: Thu Dec 26 00:37:33 2024
Info: Command: quartus_map --read_settings_files=on --write_settings_files=off UART_Alone -c UART_Alone
Info (125069): Default assignment values were changed in the current version of the Quartus Prime software -- changes to default assignments values are contained in file c:/intelfpga_lite/18.1/quartus/bin64/assignment_defaults.qdf
Warning (18236): Number of processors has not been specified which may cause overloading on shared machines.  Set the global assignment NUM_PARALLEL_PROCESSORS in your QSF to an appropriate value for best performance.
Info (20030): Parallel compilation is enabled and will use 4 of the 4 processors detected
Info (12021): Found 2 design units, including 1 entities, in source file /users/vladi/desktop/elec/architecture_se/radar_2d_vlad/src/de10_lite_uart.vhd
    Info (12022): Found design unit 1: DE10_Lite_UART-Behavioral File: C:/Users/vladi/Desktop/Elec/Architecture_SE/Radar_2D_Vlad/src/DE10_Lite_UART.vhd Line: 20
    Info (12023): Found entity 1: DE10_Lite_UART File: C:/Users/vladi/Desktop/Elec/Architecture_SE/Radar_2D_Vlad/src/DE10_Lite_UART.vhd Line: 5
Info (12021): Found 1 design units, including 1 entities, in source file de10_lite_golden_top.v
    Info (12023): Found entity 1: DE10_LITE_Golden_Top File: C:/Users/vladi/Desktop/Elec/Architecture_SE/Radar_2D_Vlad/Test_Unitaire_Materiel/UART_Alone/UART_Alone_v2_Tx_Rx/DE10_LITE_Golden_Top.v Line: 29
Info (12127): Elaborating entity "DE10_Lite_UART" for the top level hierarchy
Warning (10631): VHDL Process Statement warning at DE10_Lite_UART.vhd(79): inferring latch(es) for signal or variable "Rx_Data", which holds its previous value in one or more paths through the process File: C:/Users/vladi/Desktop/Elec/Architecture_SE/Radar_2D_Vlad/src/DE10_Lite_UART.vhd Line: 79
Info (10041): Inferred latch for "Rx_Data[8]" at DE10_Lite_UART.vhd(79) File: C:/Users/vladi/Desktop/Elec/Architecture_SE/Radar_2D_Vlad/src/DE10_Lite_UART.vhd Line: 79
Info (10041): Inferred latch for "Rx_Data[9]" at DE10_Lite_UART.vhd(79) File: C:/Users/vladi/Desktop/Elec/Architecture_SE/Radar_2D_Vlad/src/DE10_Lite_UART.vhd Line: 79
Info (10041): Inferred latch for "Rx_Data[10]" at DE10_Lite_UART.vhd(79) File: C:/Users/vladi/Desktop/Elec/Architecture_SE/Radar_2D_Vlad/src/DE10_Lite_UART.vhd Line: 79
Info (10041): Inferred latch for "Rx_Data[11]" at DE10_Lite_UART.vhd(79) File: C:/Users/vladi/Desktop/Elec/Architecture_SE/Radar_2D_Vlad/src/DE10_Lite_UART.vhd Line: 79
Info (10041): Inferred latch for "Rx_Data[12]" at DE10_Lite_UART.vhd(79) File: C:/Users/vladi/Desktop/Elec/Architecture_SE/Radar_2D_Vlad/src/DE10_Lite_UART.vhd Line: 79
Info (10041): Inferred latch for "Rx_Data[13]" at DE10_Lite_UART.vhd(79) File: C:/Users/vladi/Desktop/Elec/Architecture_SE/Radar_2D_Vlad/src/DE10_Lite_UART.vhd Line: 79
Info (10041): Inferred latch for "Rx_Data[14]" at DE10_Lite_UART.vhd(79) File: C:/Users/vladi/Desktop/Elec/Architecture_SE/Radar_2D_Vlad/src/DE10_Lite_UART.vhd Line: 79
Info (10041): Inferred latch for "Rx_Data[15]" at DE10_Lite_UART.vhd(79) File: C:/Users/vladi/Desktop/Elec/Architecture_SE/Radar_2D_Vlad/src/DE10_Lite_UART.vhd Line: 79
Info (10041): Inferred latch for "Rx_Data[16]" at DE10_Lite_UART.vhd(79) File: C:/Users/vladi/Desktop/Elec/Architecture_SE/Radar_2D_Vlad/src/DE10_Lite_UART.vhd Line: 79
Info (10041): Inferred latch for "Rx_Data[17]" at DE10_Lite_UART.vhd(79) File: C:/Users/vladi/Desktop/Elec/Architecture_SE/Radar_2D_Vlad/src/DE10_Lite_UART.vhd Line: 79
Info (10041): Inferred latch for "Rx_Data[18]" at DE10_Lite_UART.vhd(79) File: C:/Users/vladi/Desktop/Elec/Architecture_SE/Radar_2D_Vlad/src/DE10_Lite_UART.vhd Line: 79
Info (10041): Inferred latch for "Rx_Data[19]" at DE10_Lite_UART.vhd(79) File: C:/Users/vladi/Desktop/Elec/Architecture_SE/Radar_2D_Vlad/src/DE10_Lite_UART.vhd Line: 79
Info (10041): Inferred latch for "Rx_Data[20]" at DE10_Lite_UART.vhd(79) File: C:/Users/vladi/Desktop/Elec/Architecture_SE/Radar_2D_Vlad/src/DE10_Lite_UART.vhd Line: 79
Info (10041): Inferred latch for "Rx_Data[21]" at DE10_Lite_UART.vhd(79) File: C:/Users/vladi/Desktop/Elec/Architecture_SE/Radar_2D_Vlad/src/DE10_Lite_UART.vhd Line: 79
Info (10041): Inferred latch for "Rx_Data[22]" at DE10_Lite_UART.vhd(79) File: C:/Users/vladi/Desktop/Elec/Architecture_SE/Radar_2D_Vlad/src/DE10_Lite_UART.vhd Line: 79
Info (10041): Inferred latch for "Rx_Data[23]" at DE10_Lite_UART.vhd(79) File: C:/Users/vladi/Desktop/Elec/Architecture_SE/Radar_2D_Vlad/src/DE10_Lite_UART.vhd Line: 79
Info (10041): Inferred latch for "Rx_Data[24]" at DE10_Lite_UART.vhd(79) File: C:/Users/vladi/Desktop/Elec/Architecture_SE/Radar_2D_Vlad/src/DE10_Lite_UART.vhd Line: 79
Info (10041): Inferred latch for "Rx_Data[25]" at DE10_Lite_UART.vhd(79) File: C:/Users/vladi/Desktop/Elec/Architecture_SE/Radar_2D_Vlad/src/DE10_Lite_UART.vhd Line: 79
Info (10041): Inferred latch for "Rx_Data[26]" at DE10_Lite_UART.vhd(79) File: C:/Users/vladi/Desktop/Elec/Architecture_SE/Radar_2D_Vlad/src/DE10_Lite_UART.vhd Line: 79
Info (10041): Inferred latch for "Rx_Data[27]" at DE10_Lite_UART.vhd(79) File: C:/Users/vladi/Desktop/Elec/Architecture_SE/Radar_2D_Vlad/src/DE10_Lite_UART.vhd Line: 79
Info (10041): Inferred latch for "Rx_Data[28]" at DE10_Lite_UART.vhd(79) File: C:/Users/vladi/Desktop/Elec/Architecture_SE/Radar_2D_Vlad/src/DE10_Lite_UART.vhd Line: 79
Info (10041): Inferred latch for "Rx_Data[29]" at DE10_Lite_UART.vhd(79) File: C:/Users/vladi/Desktop/Elec/Architecture_SE/Radar_2D_Vlad/src/DE10_Lite_UART.vhd Line: 79
Info (10041): Inferred latch for "Rx_Data[30]" at DE10_Lite_UART.vhd(79) File: C:/Users/vladi/Desktop/Elec/Architecture_SE/Radar_2D_Vlad/src/DE10_Lite_UART.vhd Line: 79
Info (10041): Inferred latch for "Rx_Data[31]" at DE10_Lite_UART.vhd(79) File: C:/Users/vladi/Desktop/Elec/Architecture_SE/Radar_2D_Vlad/src/DE10_Lite_UART.vhd Line: 79
Info (13000): Registers with preset signals will power-up high File: C:/Users/vladi/Desktop/Elec/Architecture_SE/Radar_2D_Vlad/src/DE10_Lite_UART.vhd Line: 16
Info (13003): DEV_CLRn pin will set, and not reset, register with preset signal due to NOT Gate Push-Back
Warning (13024): Output pins are stuck at VCC or GND
    Warning (13410): Pin "Rx_Data[8]" is stuck at GND File: C:/Users/vladi/Desktop/Elec/Architecture_SE/Radar_2D_Vlad/src/DE10_Lite_UART.vhd Line: 79
    Warning (13410): Pin "Rx_Data[9]" is stuck at GND File: C:/Users/vladi/Desktop/Elec/Architecture_SE/Radar_2D_Vlad/src/DE10_Lite_UART.vhd Line: 79
    Warning (13410): Pin "Rx_Data[10]" is stuck at GND File: C:/Users/vladi/Desktop/Elec/Architecture_SE/Radar_2D_Vlad/src/DE10_Lite_UART.vhd Line: 79
    Warning (13410): Pin "Rx_Data[11]" is stuck at GND File: C:/Users/vladi/Desktop/Elec/Architecture_SE/Radar_2D_Vlad/src/DE10_Lite_UART.vhd Line: 79
    Warning (13410): Pin "Rx_Data[12]" is stuck at GND File: C:/Users/vladi/Desktop/Elec/Architecture_SE/Radar_2D_Vlad/src/DE10_Lite_UART.vhd Line: 79
    Warning (13410): Pin "Rx_Data[13]" is stuck at GND File: C:/Users/vladi/Desktop/Elec/Architecture_SE/Radar_2D_Vlad/src/DE10_Lite_UART.vhd Line: 79
    Warning (13410): Pin "Rx_Data[14]" is stuck at GND File: C:/Users/vladi/Desktop/Elec/Architecture_SE/Radar_2D_Vlad/src/DE10_Lite_UART.vhd Line: 79
    Warning (13410): Pin "Rx_Data[15]" is stuck at GND File: C:/Users/vladi/Desktop/Elec/Architecture_SE/Radar_2D_Vlad/src/DE10_Lite_UART.vhd Line: 79
    Warning (13410): Pin "Rx_Data[16]" is stuck at GND File: C:/Users/vladi/Desktop/Elec/Architecture_SE/Radar_2D_Vlad/src/DE10_Lite_UART.vhd Line: 79
    Warning (13410): Pin "Rx_Data[17]" is stuck at GND File: C:/Users/vladi/Desktop/Elec/Architecture_SE/Radar_2D_Vlad/src/DE10_Lite_UART.vhd Line: 79
    Warning (13410): Pin "Rx_Data[18]" is stuck at GND File: C:/Users/vladi/Desktop/Elec/Architecture_SE/Radar_2D_Vlad/src/DE10_Lite_UART.vhd Line: 79
    Warning (13410): Pin "Rx_Data[19]" is stuck at GND File: C:/Users/vladi/Desktop/Elec/Architecture_SE/Radar_2D_Vlad/src/DE10_Lite_UART.vhd Line: 79
    Warning (13410): Pin "Rx_Data[20]" is stuck at GND File: C:/Users/vladi/Desktop/Elec/Architecture_SE/Radar_2D_Vlad/src/DE10_Lite_UART.vhd Line: 79
    Warning (13410): Pin "Rx_Data[21]" is stuck at GND File: C:/Users/vladi/Desktop/Elec/Architecture_SE/Radar_2D_Vlad/src/DE10_Lite_UART.vhd Line: 79
    Warning (13410): Pin "Rx_Data[22]" is stuck at GND File: C:/Users/vladi/Desktop/Elec/Architecture_SE/Radar_2D_Vlad/src/DE10_Lite_UART.vhd Line: 79
    Warning (13410): Pin "Rx_Data[23]" is stuck at GND File: C:/Users/vladi/Desktop/Elec/Architecture_SE/Radar_2D_Vlad/src/DE10_Lite_UART.vhd Line: 79
    Warning (13410): Pin "Rx_Data[24]" is stuck at GND File: C:/Users/vladi/Desktop/Elec/Architecture_SE/Radar_2D_Vlad/src/DE10_Lite_UART.vhd Line: 79
    Warning (13410): Pin "Rx_Data[25]" is stuck at GND File: C:/Users/vladi/Desktop/Elec/Architecture_SE/Radar_2D_Vlad/src/DE10_Lite_UART.vhd Line: 79
    Warning (13410): Pin "Rx_Data[26]" is stuck at GND File: C:/Users/vladi/Desktop/Elec/Architecture_SE/Radar_2D_Vlad/src/DE10_Lite_UART.vhd Line: 79
    Warning (13410): Pin "Rx_Data[27]" is stuck at GND File: C:/Users/vladi/Desktop/Elec/Architecture_SE/Radar_2D_Vlad/src/DE10_Lite_UART.vhd Line: 79
    Warning (13410): Pin "Rx_Data[28]" is stuck at GND File: C:/Users/vladi/Desktop/Elec/Architecture_SE/Radar_2D_Vlad/src/DE10_Lite_UART.vhd Line: 79
    Warning (13410): Pin "Rx_Data[29]" is stuck at GND File: C:/Users/vladi/Desktop/Elec/Architecture_SE/Radar_2D_Vlad/src/DE10_Lite_UART.vhd Line: 79
    Warning (13410): Pin "Rx_Data[30]" is stuck at GND File: C:/Users/vladi/Desktop/Elec/Architecture_SE/Radar_2D_Vlad/src/DE10_Lite_UART.vhd Line: 79
    Warning (13410): Pin "Rx_Data[31]" is stuck at GND File: C:/Users/vladi/Desktop/Elec/Architecture_SE/Radar_2D_Vlad/src/DE10_Lite_UART.vhd Line: 79
Info (286030): Timing-Driven Synthesis is running
Info (16010): Generating hard_block partition "hard_block:auto_generated_inst"
    Info (16011): Adding 0 node(s), including 0 DDIO, 0 PLL, 0 transceiver and 0 LCELL
Warning (21074): Design contains 55 input pin(s) that do not drive logic
    Warning (15610): No output dependent on input pin "Load[1]" File: C:/Users/vladi/Desktop/Elec/Architecture_SE/Radar_2D_Vlad/src/DE10_Lite_UART.vhd Line: 11
    Warning (15610): No output dependent on input pin "Load[2]" File: C:/Users/vladi/Desktop/Elec/Architecture_SE/Radar_2D_Vlad/src/DE10_Lite_UART.vhd Line: 11
    Warning (15610): No output dependent on input pin "Load[3]" File: C:/Users/vladi/Desktop/Elec/Architecture_SE/Radar_2D_Vlad/src/DE10_Lite_UART.vhd Line: 11
    Warning (15610): No output dependent on input pin "Load[4]" File: C:/Users/vladi/Desktop/Elec/Architecture_SE/Radar_2D_Vlad/src/DE10_Lite_UART.vhd Line: 11
    Warning (15610): No output dependent on input pin "Load[5]" File: C:/Users/vladi/Desktop/Elec/Architecture_SE/Radar_2D_Vlad/src/DE10_Lite_UART.vhd Line: 11
    Warning (15610): No output dependent on input pin "Load[6]" File: C:/Users/vladi/Desktop/Elec/Architecture_SE/Radar_2D_Vlad/src/DE10_Lite_UART.vhd Line: 11
    Warning (15610): No output dependent on input pin "Load[7]" File: C:/Users/vladi/Desktop/Elec/Architecture_SE/Radar_2D_Vlad/src/DE10_Lite_UART.vhd Line: 11
    Warning (15610): No output dependent on input pin "Load[8]" File: C:/Users/vladi/Desktop/Elec/Architecture_SE/Radar_2D_Vlad/src/DE10_Lite_UART.vhd Line: 11
    Warning (15610): No output dependent on input pin "Load[9]" File: C:/Users/vladi/Desktop/Elec/Architecture_SE/Radar_2D_Vlad/src/DE10_Lite_UART.vhd Line: 11
    Warning (15610): No output dependent on input pin "Load[10]" File: C:/Users/vladi/Desktop/Elec/Architecture_SE/Radar_2D_Vlad/src/DE10_Lite_UART.vhd Line: 11
    Warning (15610): No output dependent on input pin "Load[11]" File: C:/Users/vladi/Desktop/Elec/Architecture_SE/Radar_2D_Vlad/src/DE10_Lite_UART.vhd Line: 11
    Warning (15610): No output dependent on input pin "Load[12]" File: C:/Users/vladi/Desktop/Elec/Architecture_SE/Radar_2D_Vlad/src/DE10_Lite_UART.vhd Line: 11
    Warning (15610): No output dependent on input pin "Load[13]" File: C:/Users/vladi/Desktop/Elec/Architecture_SE/Radar_2D_Vlad/src/DE10_Lite_UART.vhd Line: 11
    Warning (15610): No output dependent on input pin "Load[14]" File: C:/Users/vladi/Desktop/Elec/Architecture_SE/Radar_2D_Vlad/src/DE10_Lite_UART.vhd Line: 11
    Warning (15610): No output dependent on input pin "Load[15]" File: C:/Users/vladi/Desktop/Elec/Architecture_SE/Radar_2D_Vlad/src/DE10_Lite_UART.vhd Line: 11
    Warning (15610): No output dependent on input pin "Load[16]" File: C:/Users/vladi/Desktop/Elec/Architecture_SE/Radar_2D_Vlad/src/DE10_Lite_UART.vhd Line: 11
    Warning (15610): No output dependent on input pin "Load[17]" File: C:/Users/vladi/Desktop/Elec/Architecture_SE/Radar_2D_Vlad/src/DE10_Lite_UART.vhd Line: 11
    Warning (15610): No output dependent on input pin "Load[18]" File: C:/Users/vladi/Desktop/Elec/Architecture_SE/Radar_2D_Vlad/src/DE10_Lite_UART.vhd Line: 11
    Warning (15610): No output dependent on input pin "Load[19]" File: C:/Users/vladi/Desktop/Elec/Architecture_SE/Radar_2D_Vlad/src/DE10_Lite_UART.vhd Line: 11
    Warning (15610): No output dependent on input pin "Load[20]" File: C:/Users/vladi/Desktop/Elec/Architecture_SE/Radar_2D_Vlad/src/DE10_Lite_UART.vhd Line: 11
    Warning (15610): No output dependent on input pin "Load[21]" File: C:/Users/vladi/Desktop/Elec/Architecture_SE/Radar_2D_Vlad/src/DE10_Lite_UART.vhd Line: 11
    Warning (15610): No output dependent on input pin "Load[22]" File: C:/Users/vladi/Desktop/Elec/Architecture_SE/Radar_2D_Vlad/src/DE10_Lite_UART.vhd Line: 11
    Warning (15610): No output dependent on input pin "Load[23]" File: C:/Users/vladi/Desktop/Elec/Architecture_SE/Radar_2D_Vlad/src/DE10_Lite_UART.vhd Line: 11
    Warning (15610): No output dependent on input pin "Load[24]" File: C:/Users/vladi/Desktop/Elec/Architecture_SE/Radar_2D_Vlad/src/DE10_Lite_UART.vhd Line: 11
    Warning (15610): No output dependent on input pin "Load[25]" File: C:/Users/vladi/Desktop/Elec/Architecture_SE/Radar_2D_Vlad/src/DE10_Lite_UART.vhd Line: 11
    Warning (15610): No output dependent on input pin "Load[26]" File: C:/Users/vladi/Desktop/Elec/Architecture_SE/Radar_2D_Vlad/src/DE10_Lite_UART.vhd Line: 11
    Warning (15610): No output dependent on input pin "Load[27]" File: C:/Users/vladi/Desktop/Elec/Architecture_SE/Radar_2D_Vlad/src/DE10_Lite_UART.vhd Line: 11
    Warning (15610): No output dependent on input pin "Load[28]" File: C:/Users/vladi/Desktop/Elec/Architecture_SE/Radar_2D_Vlad/src/DE10_Lite_UART.vhd Line: 11
    Warning (15610): No output dependent on input pin "Load[29]" File: C:/Users/vladi/Desktop/Elec/Architecture_SE/Radar_2D_Vlad/src/DE10_Lite_UART.vhd Line: 11
    Warning (15610): No output dependent on input pin "Load[30]" File: C:/Users/vladi/Desktop/Elec/Architecture_SE/Radar_2D_Vlad/src/DE10_Lite_UART.vhd Line: 11
    Warning (15610): No output dependent on input pin "Load[31]" File: C:/Users/vladi/Desktop/Elec/Architecture_SE/Radar_2D_Vlad/src/DE10_Lite_UART.vhd Line: 11
    Warning (15610): No output dependent on input pin "Ascii[8]" File: C:/Users/vladi/Desktop/Elec/Architecture_SE/Radar_2D_Vlad/src/DE10_Lite_UART.vhd Line: 12
    Warning (15610): No output dependent on input pin "Ascii[9]" File: C:/Users/vladi/Desktop/Elec/Architecture_SE/Radar_2D_Vlad/src/DE10_Lite_UART.vhd Line: 12
    Warning (15610): No output dependent on input pin "Ascii[10]" File: C:/Users/vladi/Desktop/Elec/Architecture_SE/Radar_2D_Vlad/src/DE10_Lite_UART.vhd Line: 12
    Warning (15610): No output dependent on input pin "Ascii[11]" File: C:/Users/vladi/Desktop/Elec/Architecture_SE/Radar_2D_Vlad/src/DE10_Lite_UART.vhd Line: 12
    Warning (15610): No output dependent on input pin "Ascii[12]" File: C:/Users/vladi/Desktop/Elec/Architecture_SE/Radar_2D_Vlad/src/DE10_Lite_UART.vhd Line: 12
    Warning (15610): No output dependent on input pin "Ascii[13]" File: C:/Users/vladi/Desktop/Elec/Architecture_SE/Radar_2D_Vlad/src/DE10_Lite_UART.vhd Line: 12
    Warning (15610): No output dependent on input pin "Ascii[14]" File: C:/Users/vladi/Desktop/Elec/Architecture_SE/Radar_2D_Vlad/src/DE10_Lite_UART.vhd Line: 12
    Warning (15610): No output dependent on input pin "Ascii[15]" File: C:/Users/vladi/Desktop/Elec/Architecture_SE/Radar_2D_Vlad/src/DE10_Lite_UART.vhd Line: 12
    Warning (15610): No output dependent on input pin "Ascii[16]" File: C:/Users/vladi/Desktop/Elec/Architecture_SE/Radar_2D_Vlad/src/DE10_Lite_UART.vhd Line: 12
    Warning (15610): No output dependent on input pin "Ascii[17]" File: C:/Users/vladi/Desktop/Elec/Architecture_SE/Radar_2D_Vlad/src/DE10_Lite_UART.vhd Line: 12
    Warning (15610): No output dependent on input pin "Ascii[18]" File: C:/Users/vladi/Desktop/Elec/Architecture_SE/Radar_2D_Vlad/src/DE10_Lite_UART.vhd Line: 12
    Warning (15610): No output dependent on input pin "Ascii[19]" File: C:/Users/vladi/Desktop/Elec/Architecture_SE/Radar_2D_Vlad/src/DE10_Lite_UART.vhd Line: 12
    Warning (15610): No output dependent on input pin "Ascii[20]" File: C:/Users/vladi/Desktop/Elec/Architecture_SE/Radar_2D_Vlad/src/DE10_Lite_UART.vhd Line: 12
    Warning (15610): No output dependent on input pin "Ascii[21]" File: C:/Users/vladi/Desktop/Elec/Architecture_SE/Radar_2D_Vlad/src/DE10_Lite_UART.vhd Line: 12
    Warning (15610): No output dependent on input pin "Ascii[22]" File: C:/Users/vladi/Desktop/Elec/Architecture_SE/Radar_2D_Vlad/src/DE10_Lite_UART.vhd Line: 12
    Warning (15610): No output dependent on input pin "Ascii[23]" File: C:/Users/vladi/Desktop/Elec/Architecture_SE/Radar_2D_Vlad/src/DE10_Lite_UART.vhd Line: 12
    Warning (15610): No output dependent on input pin "Ascii[24]" File: C:/Users/vladi/Desktop/Elec/Architecture_SE/Radar_2D_Vlad/src/DE10_Lite_UART.vhd Line: 12
    Warning (15610): No output dependent on input pin "Ascii[25]" File: C:/Users/vladi/Desktop/Elec/Architecture_SE/Radar_2D_Vlad/src/DE10_Lite_UART.vhd Line: 12
    Warning (15610): No output dependent on input pin "Ascii[26]" File: C:/Users/vladi/Desktop/Elec/Architecture_SE/Radar_2D_Vlad/src/DE10_Lite_UART.vhd Line: 12
    Warning (15610): No output dependent on input pin "Ascii[27]" File: C:/Users/vladi/Desktop/Elec/Architecture_SE/Radar_2D_Vlad/src/DE10_Lite_UART.vhd Line: 12
    Warning (15610): No output dependent on input pin "Ascii[28]" File: C:/Users/vladi/Desktop/Elec/Architecture_SE/Radar_2D_Vlad/src/DE10_Lite_UART.vhd Line: 12
    Warning (15610): No output dependent on input pin "Ascii[29]" File: C:/Users/vladi/Desktop/Elec/Architecture_SE/Radar_2D_Vlad/src/DE10_Lite_UART.vhd Line: 12
    Warning (15610): No output dependent on input pin "Ascii[30]" File: C:/Users/vladi/Desktop/Elec/Architecture_SE/Radar_2D_Vlad/src/DE10_Lite_UART.vhd Line: 12
    Warning (15610): No output dependent on input pin "Ascii[31]" File: C:/Users/vladi/Desktop/Elec/Architecture_SE/Radar_2D_Vlad/src/DE10_Lite_UART.vhd Line: 12
Info (21057): Implemented 220 device resources after synthesis - the final resource count might be different
    Info (21058): Implemented 67 input pins
    Info (21059): Implemented 33 output pins
    Info (21061): Implemented 120 logic cells
Info: Quartus Prime Analysis & Synthesis was successful. 0 errors, 83 warnings
    Info: Peak virtual memory: 4792 megabytes
    Info: Processing ended: Thu Dec 26 00:37:47 2024
    Info: Elapsed time: 00:00:14
    Info: Total CPU time (on all processors): 00:00:30


