Info: Starting: Create block symbol file (.bsf)
Info: qsys-generate C:\Users\vladi\Desktop\Elec\Architecture_SE\Radar_2D_Vlad\src\servo_qsys\servomoteur.qsys --block-symbol-file --output-directory=C:\Users\vladi\Desktop\Elec\Architecture_SE\Radar_2D_Vlad\src\servo_qsys\servomoteur --family="MAX 10" --part=10M50DAF484C6GES
Progress: Loading servo_qsys/servomoteur.qsys
Progress: Reading input file
Progress: Adding clk_0 [clock_source 18.1]
Progress: Parameterizing module clk_0
Progress: Building connections
Progress: Parameterizing connections
Progress: Validating
Progress: Done reading input file
Info: qsys-generate succeeded.
Info: Finished: Create block symbol file (.bsf)
Info: 
Info: Starting: Create HDL design files for synthesis
Info: qsys-generate C:\Users\vladi\Desktop\Elec\Architecture_SE\Radar_2D_Vlad\src\servo_qsys\servomoteur.qsys --synthesis=VERILOG --output-directory=C:\Users\vladi\Desktop\Elec\Architecture_SE\Radar_2D_Vlad\src\servo_qsys\servomoteur\synthesis --family="MAX 10" --part=10M50DAF484C6GES
Progress: Loading servo_qsys/servomoteur.qsys
Progress: Reading input file
Progress: Adding clk_0 [clock_source 18.1]
Progress: Parameterizing module clk_0
Progress: Building connections
Progress: Parameterizing connections
Progress: Validating
Progress: Done reading input file
Info: servomoteur: Generating servomoteur "servomoteur" for QUARTUS_SYNTH
Info: servomoteur: Done "servomoteur" with 1 modules, 1 files
Info: qsys-generate succeeded.
Info: Finished: Create HDL design files for synthesis
