Archive member included to satisfy reference by file (symbol)

c:/intelfpga_lite/18.1/nios2eds/bin/gnu/h-x86_64-mingw32/bin/../lib/gcc/nios2-elf/5.3.0/mno-hw-mul\libgcc.a(lib2-divmod.o)
                              obj/default/telemetre_sept_seg.o (__udivsi3)
C:/Users/vladi/Desktop/Elec/Architecture_SE/Radar_2D_Vlad/sof/telemetre_vlad_bsp/\libhal_bsp.a(alt_load.o)
                              C:/Users/vladi/Desktop/Elec/Architecture_SE/Radar_2D_Vlad/sof/telemetre_vlad_bsp//obj/HAL/src/crt0.o (alt_load)
C:/Users/vladi/Desktop/Elec/Architecture_SE/Radar_2D_Vlad/sof/telemetre_vlad_bsp/\libhal_bsp.a(alt_main.o)
                              C:/Users/vladi/Desktop/Elec/Architecture_SE/Radar_2D_Vlad/sof/telemetre_vlad_bsp//obj/HAL/src/crt0.o (alt_main)
C:/Users/vladi/Desktop/Elec/Architecture_SE/Radar_2D_Vlad/sof/telemetre_vlad_bsp/\libhal_bsp.a(alt_usleep.o)
                              obj/default/telemetre_sept_seg.o (usleep)
C:/Users/vladi/Desktop/Elec/Architecture_SE/Radar_2D_Vlad/sof/telemetre_vlad_bsp/\libhal_bsp.a(alt_sys_init.o)
                              C:/Users/vladi/Desktop/Elec/Architecture_SE/Radar_2D_Vlad/sof/telemetre_vlad_bsp/\libhal_bsp.a(alt_main.o) (alt_irq_init)
C:/Users/vladi/Desktop/Elec/Architecture_SE/Radar_2D_Vlad/sof/telemetre_vlad_bsp/\libhal_bsp.a(altera_avalon_jtag_uart_fd.o)
                              C:/Users/vladi/Desktop/Elec/Architecture_SE/Radar_2D_Vlad/sof/telemetre_vlad_bsp/\libhal_bsp.a(alt_sys_init.o) (altera_avalon_jtag_uart_read_fd)
C:/Users/vladi/Desktop/Elec/Architecture_SE/Radar_2D_Vlad/sof/telemetre_vlad_bsp/\libhal_bsp.a(altera_avalon_jtag_uart_init.o)
                              C:/Users/vladi/Desktop/Elec/Architecture_SE/Radar_2D_Vlad/sof/telemetre_vlad_bsp/\libhal_bsp.a(alt_sys_init.o) (altera_avalon_jtag_uart_init)
C:/Users/vladi/Desktop/Elec/Architecture_SE/Radar_2D_Vlad/sof/telemetre_vlad_bsp/\libhal_bsp.a(altera_avalon_jtag_uart_ioctl.o)
                              C:/Users/vladi/Desktop/Elec/Architecture_SE/Radar_2D_Vlad/sof/telemetre_vlad_bsp/\libhal_bsp.a(altera_avalon_jtag_uart_fd.o) (altera_avalon_jtag_uart_ioctl)
C:/Users/vladi/Desktop/Elec/Architecture_SE/Radar_2D_Vlad/sof/telemetre_vlad_bsp/\libhal_bsp.a(altera_avalon_jtag_uart_read.o)
                              C:/Users/vladi/Desktop/Elec/Architecture_SE/Radar_2D_Vlad/sof/telemetre_vlad_bsp/\libhal_bsp.a(altera_avalon_jtag_uart_fd.o) (altera_avalon_jtag_uart_read)
C:/Users/vladi/Desktop/Elec/Architecture_SE/Radar_2D_Vlad/sof/telemetre_vlad_bsp/\libhal_bsp.a(altera_avalon_jtag_uart_write.o)
                              C:/Users/vladi/Desktop/Elec/Architecture_SE/Radar_2D_Vlad/sof/telemetre_vlad_bsp/\libhal_bsp.a(altera_avalon_jtag_uart_fd.o) (altera_avalon_jtag_uart_write)
C:/Users/vladi/Desktop/Elec/Architecture_SE/Radar_2D_Vlad/sof/telemetre_vlad_bsp/\libhal_bsp.a(altera_avalon_timer_sc.o)
                              C:/Users/vladi/Desktop/Elec/Architecture_SE/Radar_2D_Vlad/sof/telemetre_vlad_bsp/\libhal_bsp.a(alt_sys_init.o) (alt_avalon_timer_sc_init)
C:/Users/vladi/Desktop/Elec/Architecture_SE/Radar_2D_Vlad/sof/telemetre_vlad_bsp/\libhal_bsp.a(alt_alarm_start.o)
                              C:/Users/vladi/Desktop/Elec/Architecture_SE/Radar_2D_Vlad/sof/telemetre_vlad_bsp/\libhal_bsp.a(altera_avalon_jtag_uart_init.o) (alt_alarm_start)
C:/Users/vladi/Desktop/Elec/Architecture_SE/Radar_2D_Vlad/sof/telemetre_vlad_bsp/\libhal_bsp.a(alt_busy_sleep.o)
                              C:/Users/vladi/Desktop/Elec/Architecture_SE/Radar_2D_Vlad/sof/telemetre_vlad_bsp/\libhal_bsp.a(alt_usleep.o) (alt_busy_sleep)
C:/Users/vladi/Desktop/Elec/Architecture_SE/Radar_2D_Vlad/sof/telemetre_vlad_bsp/\libhal_bsp.a(alt_close.o)
                              C:/Users/vladi/Desktop/Elec/Architecture_SE/Radar_2D_Vlad/sof/telemetre_vlad_bsp/\libhal_bsp.a(alt_main.o) (close)
C:/Users/vladi/Desktop/Elec/Architecture_SE/Radar_2D_Vlad/sof/telemetre_vlad_bsp/\libhal_bsp.a(alt_dcache_flush_all.o)
                              C:/Users/vladi/Desktop/Elec/Architecture_SE/Radar_2D_Vlad/sof/telemetre_vlad_bsp/\libhal_bsp.a(alt_load.o) (alt_dcache_flush_all)
C:/Users/vladi/Desktop/Elec/Architecture_SE/Radar_2D_Vlad/sof/telemetre_vlad_bsp/\libhal_bsp.a(alt_dev.o)
                              C:/Users/vladi/Desktop/Elec/Architecture_SE/Radar_2D_Vlad/sof/telemetre_vlad_bsp/\libhal_bsp.a(alt_sys_init.o) (alt_dev_list)
C:/Users/vladi/Desktop/Elec/Architecture_SE/Radar_2D_Vlad/sof/telemetre_vlad_bsp/\libhal_bsp.a(alt_dev_llist_insert.o)
                              C:/Users/vladi/Desktop/Elec/Architecture_SE/Radar_2D_Vlad/sof/telemetre_vlad_bsp/\libhal_bsp.a(alt_sys_init.o) (alt_dev_llist_insert)
C:/Users/vladi/Desktop/Elec/Architecture_SE/Radar_2D_Vlad/sof/telemetre_vlad_bsp/\libhal_bsp.a(alt_do_ctors.o)
                              C:/Users/vladi/Desktop/Elec/Architecture_SE/Radar_2D_Vlad/sof/telemetre_vlad_bsp/\libhal_bsp.a(alt_main.o) (_do_ctors)
[...]
Memory Configuration

Name             Origin             Length             Attributes
reset            0x0000000000000000 0x0000000000000020
SDRAM            0x0000000000000020 0x0000000003ffffe0
Onchip_SRAM      0x0000000008000000 0x0000000000010000
VGA_Subsystem_Char_Buf_Subsystem_Onchip_SRAM 0x0000000009000000 0x0000000000002000
*default*        0x0000000000000000 0xffffffffffffffff

Linker script and memory map

LOAD C:/Users/vladi/Desktop/Elec/Architecture_SE/Radar_2D_Vlad/sof/telemetre_vlad_bsp//obj/HAL/src/crt0.o
LOAD obj/default/telemetre_sept_seg.o
LOAD c:/intelfpga_lite/18.1/nios2eds/bin/gnu/h-x86_64-mingw32/bin/../lib/gcc/nios2-elf/5.3.0/../../../../../H-x86_64-mingw32/nios2-elf/lib/mno-hw-mul\libstdc++.a
LOAD c:/intelfpga_lite/18.1/nios2eds/bin/gnu/h-x86_64-mingw32/bin/../lib/gcc/nios2-elf/5.3.0/../../../../../H-x86_64-mingw32/nios2-elf/lib/mno-hw-mul\libm.a
LOAD c:/intelfpga_lite/18.1/nios2eds/bin/gnu/h-x86_64-mingw32/bin/../lib/gcc/nios2-elf/5.3.0/mno-hw-mul\libgcc.a
START GROUP
LOAD c:/intelfpga_lite/18.1/nios2eds/bin/gnu/h-x86_64-mingw32/bin/../lib/gcc/nios2-elf/5.3.0/../../../../../H-x86_64-mingw32/nios2-elf/lib/mno-hw-mul\libc.a
LOAD c:/intelfpga_lite/18.1/nios2eds/bin/gnu/h-x86_64-mingw32/bin/../lib/gcc/nios2-elf/5.3.0/mno-hw-mul\libgcc.a
LOAD C:/Users/vladi/Desktop/Elec/Architecture_SE/Radar_2D_Vlad/sof/telemetre_vlad_bsp/\libhal_bsp.a
LOAD c:/intelfpga_lite/18.1/nios2eds/bin/gnu/h-x86_64-mingw32/bin/../lib/gcc/nios2-elf/5.3.0/../../../../../H-x86_64-mingw32/nios2-elf/lib/mno-hw-mul\libm.a
END GROUP
LOAD c:/intelfpga_lite/18.1/nios2eds/bin/gnu/h-x86_64-mingw32/bin/../lib/gcc/nios2-elf/5.3.0/mno-hw-mul\libgcc.a
                0x0000000000000000                __alt_mem_SDRAM = 0x0
                0x0000000008000000                __alt_mem_Onchip_SRAM = 0x8000000
                0x0000000009000000                __alt_mem_VGA_Subsystem_Char_Buf_Subsystem_Onchip_SRAM = 0x9000000

.entry          0x0000000000000000       0x20
 *(.entry)
 .entry         0x0000000000000000       0x20 C:/Users/vladi/Desktop/Elec/Architecture_SE/Radar_2D_Vlad/sof/telemetre_vlad_bsp//obj/HAL/src/crt0.o
                0x0000000000000000                __reset

.exceptions     0x0000000000000020      0x210
                0x0000000000000020                PROVIDE (__ram_exceptions_start, ABSOLUTE (.))
                0x0000000000000020                . = ALIGN (0x20)
 *(.irq)
 *(.exceptions.entry.label)
 .exceptions.entry.label
                0x0000000000000020        0x0 C:/Users/vladi/Desktop/Elec/Architecture_SE/Radar_2D_Vlad/sof/telemetre_vlad_bsp/\libhal_bsp.a(alt_irq_entry.o)
                0x0000000000000020                alt_irq_entry
 .exceptions.entry.label
                0x0000000000000020        0x0 C:/Users/vladi/Desktop/Elec/Architecture_SE/Radar_2D_Vlad/sof/telemetre_vlad_bsp/\libhal_bsp.a(alt_exception_entry.o)
                0x0000000000000020                alt_exception
 *(.exceptions.entry.user)
 *(.exceptions.entry.ecc_fatal)
 *(.exceptions.entry)
 .exceptions.entry
                0x0000000000000020       0x54 C:/Users/vladi/Desktop/Elec/Architecture_SE/Radar_2D_Vlad/sof/telemetre_vlad_bsp/\libhal_bsp.a(alt_exception_entry.o)
 *(.exceptions.irqtest.user)
 *(.exceptions.irqtest)
 .exceptions.irqtest
                0x0000000000000074       0x10 C:/Users/vladi/Desktop/Elec/Architecture_SE/Radar_2D_Vlad/sof/telemetre_vlad_bsp/\libhal_bsp.a(alt_irq_entry.o)
 *(.exceptions.irqhandler.user)
 *(.exceptions.irqhandler)
 .exceptions.irqhandler
                0x0000000000000084        0x4 C:/Users/vladi/Desktop/Elec/Architecture_SE/Radar_2D_Vlad/sof/telemetre_vlad_bsp/\libhal_bsp.a(alt_irq_entry.o)
 *(.exceptions.irqreturn.user)
 *(.exceptions.irqreturn)
 .exceptions.irqreturn
                0x0000000000000088        0x4 C:/Users/vladi/Desktop/Elec/Architecture_SE/Radar_2D_Vlad/sof/telemetre_vlad_bsp/\libhal_bsp.a(alt_irq_entry.o)
 *(.exceptions.notirq.label)
 .exceptions.notirq.label
                0x000000000000008c        0x0 C:/Users/vladi/Desktop/Elec/Architecture_SE/Radar_2D_Vlad/sof/telemetre_vlad_bsp/\libhal_bsp.a(alt_irq_entry.o)
 *(.exceptions.notirq.user)
 *(.exceptions.notirq)
 .exceptions.notirq
                0x000000000000008c        0x8 C:/Users/vladi/Desktop/Elec/Architecture_SE/Radar_2D_Vlad/sof/telemetre_vlad_bsp/\libhal_bsp.a(alt_exception_entry.o)
 *(.exceptions.soft.user)
 *(.exceptions.soft)
 *(.exceptions.unknown.user)
 *(.exceptions.unknown)
 .exceptions.unknown
                0x0000000000000094       0x14 C:/Users/vladi/Desktop/Elec/Architecture_SE/Radar_2D_Vlad/sof/telemetre_vlad_bsp/\libhal_bsp.a(alt_exception_entry.o)
 *(.exceptions.exit.label)
 .exceptions.exit.label
                0x00000000000000a8        0x0 C:/Users/vladi/Desktop/Elec/Architecture_SE/Radar_2D_Vlad/sof/telemetre_vlad_bsp/\libhal_bsp.a(alt_irq_entry.o)
 .exceptions.exit.label
                0x00000000000000a8        0x0 C:/Users/vladi/Desktop/Elec/Architecture_SE/Radar_2D_Vlad/sof/telemetre_vlad_bsp/\libhal_bsp.a(alt_exception_entry.o)
 *(.exceptions.exit.user)
 *(.exceptions.exit)
 .exceptions.exit
                0x00000000000000a8       0x54 C:/Users/vladi/Desktop/Elec/Architecture_SE/Radar_2D_Vlad/sof/telemetre_vlad_bsp/\libhal_bsp.a(alt_exception_entry.o)
 *(.exceptions)
 .exceptions    0x00000000000000fc       0xd4 C:/Users/vladi/Desktop/Elec/Architecture_SE/Radar_2D_Vlad/sof/telemetre_vlad_bsp/\libhal_bsp.a(alt_irq_handler.o)
                0x00000000000000fc                alt_irq_handler
 .exceptions    0x00000000000001d0       0x60 C:/Users/vladi/Desktop/Elec/Architecture_SE/Radar_2D_Vlad/sof/telemetre_vlad_bsp/\libhal_bsp.a(alt_instruction_exception_entry.o)
                0x00000000000001d0                alt_instruction_exception_entry
                0x0000000000000230                PROVIDE (__ram_exceptions_end, ABSOLUTE (.))
                0x0000000000000020                PROVIDE (__flash_exceptions_start, LOADADDR (.exceptions))

.text           0x0000000000000230     0x2f18
                [!provide]                        PROVIDE (stext, ABSOLUTE (.))
 *(.interp)
 *(.hash)
 *(.dynsym)
 *(.dynstr)
 *(.gnu.version)
 *(.gnu.version_d)
 *(.gnu.version_r)
 *(.rel.init)
 *(.rela.init)
 *(.rel.text .rel.text.* .rel.gnu.linkonce.t.*)
 *(.rela.text .rela.text.* .rela.gnu.linkonce.t.*)
 *(.rel.fini)
 *(.rela.fini)
 *(.rel.rodata .rel.rodata.* .rel.gnu.linkonce.r.*)
 *(.rela.rodata .rela.rodata.* .rela.gnu.linkonce.r.*)
 *(.rel.data .rel.data.* .rel.gnu.linkonce.d.*)
 *(.rela.data .rela.data.* .rela.gnu.linkonce.d.*)
 *(.rel.tdata .rel.tdata.* .rel.gnu.linkonce.td.*)
 *(.rela.tdata .rela.tdata.* .rela.gnu.linkonce.td.*)
 *(.rel.tbss .rel.tbss.* .rel.gnu.linkonce.tb.*)
 *(.rela.tbss .rela.tbss.* .rela.gnu.linkonce.tb.*)
 *(.rel.ctors)
 *(.rela.ctors)
 *(.rel.dtors)
 *(.rela.dtors)
 *(.rel.got)
 *(.rela.got)
 *(.rel.sdata .rel.sdata.* .rel.gnu.linkonce.s.*)
 *(.rela.sdata .rela.sdata.* .rela.gnu.linkonce.s.*)
 *(.rel.sbss .rel.sbss.* .rel.gnu.linkonce.sb.*)
 *(.rela.sbss .rela.sbss.* .rela.gnu.linkonce.sb.*)
 *(.rel.sdata2 .rel.sdata2.* .rel.gnu.linkonce.s2.*)
 *(.rela.sdata2 .rela.sdata2.* .rela.gnu.linkonce.s2.*)
 *(.rel.sbss2 .rel.sbss2.* .rel.gnu.linkonce.sb2.*)
 *(.rela.sbss2 .rela.sbss2.* .rela.gnu.linkonce.sb2.*)
 *(.rel.bss .rel.bss.* .rel.gnu.linkonce.b.*)
 *(.rela.bss .rela.bss.* .rela.gnu.linkonce.b.*)
 *(.rel.plt)
 *(.rela.plt)
 *(.rel.dyn)
 *(.init)
 *(.plt)
 *(.text .stub .text.* .gnu.linkonce.t.*)
 .text          0x0000000000000230       0x3c C:/Users/vladi/Desktop/Elec/Architecture_SE/Radar_2D_Vlad/sof/telemetre_vlad_bsp//obj/HAL/src/crt0.o
                0x0000000000000230                _start
 .text          0x000000000000026c      0x25c obj/default/telemetre_sept_seg.o
                0x000000000000026c                main
 .text          0x00000000000004c8      0x1b4 c:/intelfpga_lite/18.1/nios2eds/bin/gnu/h-x86_64-mingw32/bin/../lib/gcc/nios2-elf/5.3.0/mno-hw-mul\libgcc.a(lib2-divmod.o)
                0x00000000000004c8                __divsi3
                0x000000000000054c                __modsi3
                0x00000000000005c0                __udivsi3
                0x0000000000000624                __umodsi3
 .text          0x000000000000067c       0xec C:/Users/vladi/Desktop/Elec/Architecture_SE/Radar_2D_Vlad/sof/telemetre_vlad_bsp/\libhal_bsp.a(alt_load.o)
                0x00000000000006e4                alt_load
 .text          0x0000000000000768       0x7c C:/Users/vladi/Desktop/Elec/Architecture_SE/Radar_2D_Vlad/sof/telemetre_vlad_bsp/\libhal_bsp.a(alt_main.o)
                0x0000000000000768                alt_main
 .text          0x00000000000007e4       0x30 C:/Users/vladi/Desktop/Elec/Architecture_SE/Radar_2D_Vlad/sof/telemetre_vlad_bsp/\libhal_bsp.a(alt_usleep.o)
                0x00000000000007e4                usleep
 .text          0x0000000000000814      0x6d0 C:/Users/vladi/Desktop/Elec/Architecture_SE/Radar_2D_Vlad/sof/telemetre_vlad_bsp/\libhal_bsp.a(alt_sys_init.o)
                0x0000000000000848                alt_irq_init
                0x0000000000000880                alt_sys_init
 .text          0x0000000000000ee4      0x164 C:/Users/vladi/Desktop/Elec/Architecture_SE/Radar_2D_Vlad/sof/telemetre_vlad_bsp/\libhal_bsp.a(altera_avalon_jtag_uart_fd.o)
                0x0000000000000ee4                altera_avalon_jtag_uart_read_fd
                0x0000000000000f44                altera_avalon_jtag_uart_write_fd
                0x0000000000000fa4                altera_avalon_jtag_uart_close_fd
                0x0000000000000ff4                altera_avalon_jtag_uart_ioctl_fd
 .text          0x0000000000001048      0x3d4 C:/Users/vladi/Desktop/Elec/Architecture_SE/Radar_2D_Vlad/sof/telemetre_vlad_bsp/\libhal_bsp.a(altera_avalon_jtag_uart_init.o)
                0x0000000000001048                altera_avalon_jtag_uart_init
                0x00000000000013b4                altera_avalon_jtag_uart_close
 .text          0x000000000000141c       0xf0 C:/Users/vladi/Desktop/Elec/Architecture_SE/Radar_2D_Vlad/sof/telemetre_vlad_bsp/\libhal_bsp.a(altera_avalon_jtag_uart_ioctl.o)
                0x000000000000141c                altera_avalon_jtag_uart_ioctl
 .text          0x000000000000150c      0x21c C:/Users/vladi/Desktop/Elec/Architecture_SE/Radar_2D_Vlad/sof/telemetre_vlad_bsp/\libhal_bsp.a(altera_avalon_jtag_uart_read.o)
                0x000000000000150c                altera_avalon_jtag_uart_read
 .text          0x0000000000001728      0x224 C:/Users/vladi/Desktop/Elec/Architecture_SE/Radar_2D_Vlad/sof/telemetre_vlad_bsp/\libhal_bsp.a(altera_avalon_jtag_uart_write.o)
                0x0000000000001728                altera_avalon_jtag_uart_write
 .text          0x000000000000194c       0xf4 C:/Users/vladi/Desktop/Elec/Architecture_SE/Radar_2D_Vlad/sof/telemetre_vlad_bsp/\libhal_bsp.a(altera_avalon_timer_sc.o)
                0x00000000000019c4                alt_avalon_timer_sc_init
 .text          0x0000000000001a40      0x12c C:/Users/vladi/Desktop/Elec/Architecture_SE/Radar_2D_Vlad/sof/telemetre_vlad_bsp/\libhal_bsp.a(alt_alarm_start.o)
                0x0000000000001a40                alt_alarm_start
 .text          0x0000000000001b6c      0x158 C:/Users/vladi/Desktop/Elec/Architecture_SE/Radar_2D_Vlad/sof/telemetre_vlad_bsp/\libhal_bsp.a(alt_busy_sleep.o)
                0x0000000000001b6c                alt_busy_sleep
 .text          0x0000000000001cc4      0x114 C:/Users/vladi/Desktop/Elec/Architecture_SE/Radar_2D_Vlad/sof/telemetre_vlad_bsp/\libhal_bsp.a(alt_close.o)
                0x0000000000001d00                close
 .text          0x0000000000001dd8       0x20 C:/Users/vladi/Desktop/Elec/Architecture_SE/Radar_2D_Vlad/sof/telemetre_vlad_bsp/\libhal_bsp.a(alt_dcache_flush_all.o)
                0x0000000000001dd8                alt_dcache_flush_all
 .text          0x0000000000001df8       0x2c C:/Users/vladi/Desktop/Elec/Architecture_SE/Radar_2D_Vlad/sof/telemetre_vlad_bsp/\libhal_bsp.a(alt_dev.o)
 .text          0x0000000000001e24       0xe0 C:/Users/vladi/Desktop/Elec/Architecture_SE/Radar_2D_Vlad/sof/telemetre_vlad_bsp/\libhal_bsp.a(alt_dev_llist_insert.o)
                0x0000000000001e60                alt_dev_llist_insert
 .text          0x0000000000001f04       0x60 C:/Users/vladi/Desktop/Elec/Architecture_SE/Radar_2D_Vlad/sof/telemetre_vlad_bsp/\libhal_bsp.a(alt_do_ctors.o)
                0x0000000000001f04                _do_ctors
 .text          0x0000000000001f64       0x60 C:/Users/vladi/Desktop/Elec/Architecture_SE/Radar_2D_Vlad/sof/telemetre_vlad_bsp/\libhal_bsp.a(alt_do_dtors.o)
                0x0000000000001f64                _do_dtors
 .text          0x0000000000001fc4        0x0 C:/Users/vladi/Desktop/Elec/Architecture_SE/Radar_2D_Vlad/sof/telemetre_vlad_bsp/\libhal_bsp.a(alt_errno.o)
 .text          0x0000000000001fc4       0x20 C:/Users/vladi/Desktop/Elec/Architecture_SE/Radar_2D_Vlad/sof/telemetre_vlad_bsp/\libhal_bsp.a(alt_icache_flush_all.o)
                0x0000000000001fc4                alt_icache_flush_all
 .text          0x0000000000001fe4      0x1b0 C:/Users/vladi/Desktop/Elec/Architecture_SE/Radar_2D_Vlad/sof/telemetre_vlad_bsp/\libhal_bsp.a(alt_iic.o)
                0x0000000000001fe4                alt_ic_isr_register
                0x0000000000002034                alt_ic_irq_enable
                0x00000000000020bc                alt_ic_irq_disable
                0x0000000000002148                alt_ic_irq_enabled
 .text          0x0000000000002194       0xf0 C:/Users/vladi/Desktop/Elec/Architecture_SE/Radar_2D_Vlad/sof/telemetre_vlad_bsp/\libhal_bsp.a(alt_iic_isr_register.o)
                0x0000000000002194                alt_iic_isr_register
 .text          0x0000000000002284      0x160 C:/Users/vladi/Desktop/Elec/Architecture_SE/Radar_2D_Vlad/sof/telemetre_vlad_bsp/\libhal_bsp.a(alt_io_redirect.o)
                0x0000000000002368                alt_io_redirect
 .text          0x00000000000023e4        0x0 C:/Users/vladi/Desktop/Elec/Architecture_SE/Radar_2D_Vlad/sof/telemetre_vlad_bsp/\libhal_bsp.a(alt_irq_entry.o)
 .text          0x00000000000023e4        0x0 C:/Users/vladi/Desktop/Elec/Architecture_SE/Radar_2D_Vlad/sof/telemetre_vlad_bsp/\libhal_bsp.a(alt_irq_handler.o)
 .text          0x00000000000023e4        0x0 C:/Users/vladi/Desktop/Elec/Architecture_SE/Radar_2D_Vlad/sof/telemetre_vlad_bsp/\libhal_bsp.a(alt_irq_vars.o)
 .text          0x00000000000023e4      0x284 C:/Users/vladi/Desktop/Elec/Architecture_SE/Radar_2D_Vlad/sof/telemetre_vlad_bsp/\libhal_bsp.a(alt_open.o)
                0x000000000000250c                open
 .text          0x0000000000002668       0x84 C:/Users/vladi/Desktop/Elec/Architecture_SE/Radar_2D_Vlad/sof/telemetre_vlad_bsp/\libhal_bsp.a(alt_release_fd.o)
                0x0000000000002668                alt_release_fd
 .text          0x00000000000026ec      0x1a4 C:/Users/vladi/Desktop/Elec/Architecture_SE/Radar_2D_Vlad/sof/telemetre_vlad_bsp/\libhal_bsp.a(alt_tick.o)
                0x00000000000026ec                alt_alarm_stop
                0x0000000000002788                alt_tick
 .text          0x0000000000002890       0x24 C:/Users/vladi/Desktop/Elec/Architecture_SE/Radar_2D_Vlad/sof/telemetre_vlad_bsp/\libhal_bsp.a(altera_nios2_gen2_irq.o)
                0x0000000000002890                altera_nios2_gen2_irq_init
 .text          0x00000000000028b4        0x0 C:/Users/vladi/Desktop/Elec/Architecture_SE/Radar_2D_Vlad/sof/telemetre_vlad_bsp/\libhal_bsp.a(alt_exception_entry.o)
 .text          0x00000000000028b4       0x90 C:/Users/vladi/Desktop/Elec/Architecture_SE/Radar_2D_Vlad/sof/telemetre_vlad_bsp/\libhal_bsp.a(alt_find_dev.o)
                0x00000000000028b4                alt_find_dev
 .text          0x0000000000002944      0x108 C:/Users/vladi/Desktop/Elec/Architecture_SE/Radar_2D_Vlad/sof/telemetre_vlad_bsp/\libhal_bsp.a(alt_find_file.o)
                0x0000000000002944                alt_find_file
 .text          0x0000000000002a4c       0xc4 C:/Users/vladi/Desktop/Elec/Architecture_SE/Radar_2D_Vlad/sof/telemetre_vlad_bsp/\libhal_bsp.a(alt_get_fd.o)
                0x0000000000002a4c                alt_get_fd
 .text          0x0000000000002b10       0x9c C:/Users/vladi/Desktop/Elec/Architecture_SE/Radar_2D_Vlad/sof/telemetre_vlad_bsp/\libhal_bsp.a(alt_instruction_exception_entry.o)
                0x0000000000002b10                alt_exception_cause_generated_bad_addr
 .text          0x0000000000002bac        0x0 c:/intelfpga_lite/18.1/nios2eds/bin/gnu/h-x86_64-mingw32/bin/../lib/gcc/nios2-elf/5.3.0/../../../../../H-x86_64-mingw32/nios2-elf/lib/mno-hw-mul\libc.a(lib_a-atexit.o)
 .text.atexit   0x0000000000002bac       0x14 c:/intelfpga_lite/18.1/nios2eds/bin/gnu/h-x86_64-mingw32/bin/../lib/gcc/nios2-elf/5.3.0/../../../../../H-x86_64-mingw32/nios2-elf/lib/mno-hw-mul\libc.a(lib_a-atexit.o)
                0x0000000000002bac                atexit
 .text          0x0000000000002bc0        0x0 c:/intelfpga_lite/18.1/nios2eds/bin/gnu/h-x86_64-mingw32/bin/../lib/gcc/nios2-elf/5.3.0/../../../../../H-x86_64-mingw32/nios2-elf/lib/mno-hw-mul\libc.a(lib_a-exit.o)
 .text.exit     0x0000000000002bc0       0x38 c:/intelfpga_lite/18.1/nios2eds/bin/gnu/h-x86_64-mingw32/bin/../lib/gcc/nios2-elf/5.3.0/../../../../../H-x86_64-mingw32/nios2-elf/lib/mno-hw-mul\libc.a(lib_a-exit.o)
                0x0000000000002bc0                exit
 .text          0x0000000000002bf8        0x0 c:/intelfpga_lite/18.1/nios2eds/bin/gnu/h-x86_64-mingw32/bin/../lib/gcc/nios2-elf/5.3.0/../../../../../H-x86_64-mingw32/nios2-elf/lib/mno-hw-mul\libc.a(lib_a-impure.o)
 .text          0x0000000000002bf8        0x0 c:/intelfpga_lite/18.1/nios2eds/bin/gnu/h-x86_64-mingw32/bin/../lib/gcc/nios2-elf/5.3.0/../../../../../H-x86_64-mingw32/nios2-elf/lib/mno-hw-mul\libc.a(lib_a-int_errno.o)
 .text          0x0000000000002bf8        0x0 c:/intelfpga_lite/18.1/nios2eds/bin/gnu/h-x86_64-mingw32/bin/../lib/gcc/nios2-elf/5.3.0/../../../../../H-x86_64-mingw32/nios2-elf/lib/mno-hw-mul\libc.a(lib_a-memcmp.o)
 .text.memcmp   0x0000000000002bf8       0x7c c:/intelfpga_lite/18.1/nios2eds/bin/gnu/h-x86_64-mingw32/bin/../lib/gcc/nios2-elf/5.3.0/../../../../../H-x86_64-mingw32/nios2-elf/lib/mno-hw-mul\libc.a(lib_a-memcmp.o)
                0x0000000000002bf8                memcmp
 .text          0x0000000000002c74        0x0 c:/intelfpga_lite/18.1/nios2eds/bin/gnu/h-x86_64-mingw32/bin/../lib/gcc/nios2-elf/5.3.0/../../../../../H-x86_64-mingw32/nios2-elf/lib/mno-hw-mul\libc.a(lib_a-memcpy.o)
 .text.memcpy   0x0000000000002c74      0x148 c:/intelfpga_lite/18.1/nios2eds/bin/gnu/h-x86_64-mingw32/bin/../lib/gcc/nios2-elf/5.3.0/../../../../../H-x86_64-mingw32/nios2-elf/lib/mno-hw-mul\libc.a(lib_a-memcpy.o)
                0x0000000000002c74                memcpy
 .text          0x0000000000002dbc        0x0 c:/intelfpga_lite/18.1/nios2eds/bin/gnu/h-x86_64-mingw32/bin/../lib/gcc/nios2-elf/5.3.0/../../../../../H-x86_64-mingw32/nios2-elf/lib/mno-hw-mul\libc.a(lib_a-strlen.o)
 .text.strlen   0x0000000000002dbc       0x98 c:/intelfpga_lite/18.1/nios2eds/bin/gnu/h-x86_64-mingw32/bin/../lib/gcc/nios2-elf/5.3.0/../../../../../H-x86_64-mingw32/nios2-elf/lib/mno-hw-mul\libc.a(lib_a-strlen.o)
                0x0000000000002dbc                strlen
 .text          0x0000000000002e54        0x0 c:/intelfpga_lite/18.1/nios2eds/bin/gnu/h-x86_64-mingw32/bin/../lib/gcc/nios2-elf/5.3.0/../../../../../H-x86_64-mingw32/nios2-elf/lib/mno-hw-mul\libc.a(lib_a-__atexit.o)
 .text.__register_exitproc
                0x0000000000002e54      0x118 c:/intelfpga_lite/18.1/nios2eds/bin/gnu/h-x86_64-mingw32/bin/../lib/gcc/nios2-elf/5.3.0/../../../../../H-x86_64-mingw32/nios2-elf/lib/mno-hw-mul\libc.a(lib_a-__atexit.o)
                0x0000000000002e54                __register_exitproc
 .text          0x0000000000002f6c        0x0 c:/intelfpga_lite/18.1/nios2eds/bin/gnu/h-x86_64-mingw32/bin/../lib/gcc/nios2-elf/5.3.0/../../../../../H-x86_64-mingw32/nios2-elf/lib/mno-hw-mul\libc.a(lib_a-__call_atexit.o)
 .text.__call_exitprocs
                0x0000000000002f6c      0x180 c:/intelfpga_lite/18.1/nios2eds/bin/gnu/h-x86_64-mingw32/bin/../lib/gcc/nios2-elf/5.3.0/../../../../../H-x86_64-mingw32/nios2-elf/lib/mno-hw-mul\libc.a(lib_a-__call_atexit.o)
                0x0000000000002f6c                __call_exitprocs
 .text          0x00000000000030ec       0x28 c:/intelfpga_lite/18.1/nios2eds/bin/gnu/h-x86_64-mingw32/bin/../lib/gcc/nios2-elf/5.3.0/mno-hw-mul\libgcc.a(lib2-mul.o)
                0x00000000000030ec                __mulsi3
 .text          0x0000000000003114       0x34 C:/Users/vladi/Desktop/Elec/Architecture_SE/Radar_2D_Vlad/sof/telemetre_vlad_bsp/\libhal_bsp.a(alt_exit.o)
                0x0000000000003114                _exit
 *(.gnu.warning.*)
 *(.fini)
                [!provide]                        PROVIDE (__etext, ABSOLUTE (.))
                [!provide]                        PROVIDE (_etext, ABSOLUTE (.))
                [!provide]                        PROVIDE (etext, ABSOLUTE (.))
 *(.eh_frame_hdr)
                0x0000000000003148                . = ALIGN (0x4)
                [!provide]                        PROVIDE (__preinit_array_start, ABSOLUTE (.))
 *(.preinit_array)
                [!provide]                        PROVIDE (__preinit_array_end, ABSOLUTE (.))
                [!provide]                        PROVIDE (__init_array_start, ABSOLUTE (.))
 *(.init_array)
                [!provide]                        PROVIDE (__init_array_end, ABSOLUTE (.))
                [!provide]                        PROVIDE (__fini_array_start, ABSOLUTE (.))
 *(.fini_array)
                [!provide]                        PROVIDE (__fini_array_end, ABSOLUTE (.))
 *(.eh_frame)
 *(.gcc_except_table .gcc_except_table.*)
 *(.dynamic)
                0x0000000000003148                PROVIDE (__CTOR_LIST__, ABSOLUTE (.))
 *(.ctors)
 *(SORT(.ctors.*))
                0x0000000000003148                PROVIDE (__CTOR_END__, ABSOLUTE (.))
                0x0000000000003148                PROVIDE (__DTOR_LIST__, ABSOLUTE (.))
 *(.dtors)
 *(SORT(.dtors.*))
                0x0000000000003148                PROVIDE (__DTOR_END__, ABSOLUTE (.))
 *(.jcr)
                0x0000000000003148                . = ALIGN (0x4)

.rodata         0x0000000000003148       0xb4
                0x0000000000003148                PROVIDE (__ram_rodata_start, ABSOLUTE (.))
                0x0000000000003148                . = ALIGN (0x4)
 *(.rodata .rodata.* .gnu.linkonce.r.*)
 .rodata        0x0000000000003148        0xf C:/Users/vladi/Desktop/Elec/Architecture_SE/Radar_2D_Vlad/sof/telemetre_vlad_bsp/\libhal_bsp.a(alt_main.o)
 *fill*         0x0000000000003157        0x1 
 .rodata        0x0000000000003158       0x93 C:/Users/vladi/Desktop/Elec/Architecture_SE/Radar_2D_Vlad/sof/telemetre_vlad_bsp/\libhal_bsp.a(alt_sys_init.o)
 *fill*         0x00000000000031eb        0x1 
 .rodata        0x00000000000031ec        0xa C:/Users/vladi/Desktop/Elec/Architecture_SE/Radar_2D_Vlad/sof/telemetre_vlad_bsp/\libhal_bsp.a(alt_dev.o)
 *fill*         0x00000000000031f6        0x2 
 .rodata.str1.4
                0x00000000000031f8        0x4 c:/intelfpga_lite/18.1/nios2eds/bin/gnu/h-x86_64-mingw32/bin/../lib/gcc/nios2-elf/5.3.0/../../../../../H-x86_64-mingw32/nios2-elf/lib/mno-hw-mul\libc.a(lib_a-impure.o)
                                          0x2 (size before relaxing)
 *(.rodata1)
                0x00000000000031fc                . = ALIGN (0x4)
                0x00000000000031fc                PROVIDE (__ram_rodata_end, ABSOLUTE (.))
                0x0000000000003148                PROVIDE (__flash_rodata_start, LOADADDR (.rodata))

.rwdata         0x00000000000031fc     0x1794 load address 0x0000000000004990
                0x00000000000031fc                PROVIDE (__ram_rwdata_start, ABSOLUTE (.))
                0x00000000000031fc                . = ALIGN (0x4)
 *(.got.plt)
 *(.got)
 *(.data1)
 *(.data .data.* .gnu.linkonce.d.*)
 .data          0x00000000000031fc        0x0 C:/Users/vladi/Desktop/Elec/Architecture_SE/Radar_2D_Vlad/sof/telemetre_vlad_bsp//obj/HAL/src/crt0.o
 .data          0x00000000000031fc       0x40 obj/default/telemetre_sept_seg.o
                0x00000000000031fc                table_sept_seg
 .data          0x000000000000323c        0x0 c:/intelfpga_lite/18.1/nios2eds/bin/gnu/h-x86_64-mingw32/bin/../lib/gcc/nios2-elf/5.3.0/mno-hw-mul\libgcc.a(lib2-divmod.o)
 .data          0x000000000000323c        0x0 C:/Users/vladi/Desktop/Elec/Architecture_SE/Radar_2D_Vlad/sof/telemetre_vlad_bsp/\libhal_bsp.a(alt_load.o)
 .data          0x000000000000323c        0x0 C:/Users/vladi/Desktop/Elec/Architecture_SE/Radar_2D_Vlad/sof/telemetre_vlad_bsp/\libhal_bsp.a(alt_main.o)
 .data          0x000000000000323c        0x0 C:/Users/vladi/Desktop/Elec/Architecture_SE/Radar_2D_Vlad/sof/telemetre_vlad_bsp/\libhal_bsp.a(alt_usleep.o)
 .data          0x000000000000323c     0x115c C:/Users/vladi/Desktop/Elec/Architecture_SE/Radar_2D_Vlad/sof/telemetre_vlad_bsp/\libhal_bsp.a(alt_sys_init.o)
 .data          0x0000000000004398        0x0 C:/Users/vladi/Desktop/Elec/Architecture_SE/Radar_2D_Vlad/sof/telemetre_vlad_bsp/\libhal_bsp.a(altera_avalon_jtag_uart_fd.o)
 .data          0x0000000000004398        0x0 C:/Users/vladi/Desktop/Elec/Architecture_SE/Radar_2D_Vlad/sof/telemetre_vlad_bsp/\libhal_bsp.a(altera_avalon_jtag_uart_init.o)
 .data          0x0000000000004398        0x0 C:/Users/vladi/Desktop/Elec/Architecture_SE/Radar_2D_Vlad/sof/telemetre_vlad_bsp/\libhal_bsp.a(altera_avalon_jtag_uart_ioctl.o)
 .data          0x0000000000004398        0x0 C:/Users/vladi/Desktop/Elec/Architecture_SE/Radar_2D_Vlad/sof/telemetre_vlad_bsp/\libhal_bsp.a(altera_avalon_jtag_uart_read.o)
 .data          0x0000000000004398        0x0 C:/Users/vladi/Desktop/Elec/Architecture_SE/Radar_2D_Vlad/sof/telemetre_vlad_bsp/\libhal_bsp.a(altera_avalon_jtag_uart_write.o)
 .data          0x0000000000004398        0x0 C:/Users/vladi/Desktop/Elec/Architecture_SE/Radar_2D_Vlad/sof/telemetre_vlad_bsp/\libhal_bsp.a(altera_avalon_timer_sc.o)
 .data          0x0000000000004398        0x0 C:/Users/vladi/Desktop/Elec/Architecture_SE/Radar_2D_Vlad/sof/telemetre_vlad_bsp/\libhal_bsp.a(alt_alarm_start.o)
 .data          0x0000000000004398        0x0 C:/Users/vladi/Desktop/Elec/Architecture_SE/Radar_2D_Vlad/sof/telemetre_vlad_bsp/\libhal_bsp.a(alt_busy_sleep.o)
 .data          0x0000000000004398        0x0 C:/Users/vladi/Desktop/Elec/Architecture_SE/Radar_2D_Vlad/sof/telemetre_vlad_bsp/\libhal_bsp.a(alt_close.o)
 .data          0x0000000000004398        0x0 C:/Users/vladi/Desktop/Elec/Architecture_SE/Radar_2D_Vlad/sof/telemetre_vlad_bsp/\libhal_bsp.a(alt_dcache_flush_all.o)
 .data          0x0000000000004398      0x1a8 C:/Users/vladi/Desktop/Elec/Architecture_SE/Radar_2D_Vlad/sof/telemetre_vlad_bsp/\libhal_bsp.a(alt_dev.o)
                0x0000000000004398                alt_dev_null
                0x00000000000043c0                alt_fd_list
 .data          0x0000000000004540        0x0 C:/Users/vladi/Desktop/Elec/Architecture_SE/Radar_2D_Vlad/sof/telemetre_vlad_bsp/\libhal_bsp.a(alt_dev_llist_insert.o)
 .data          0x0000000000004540        0x0 C:/Users/vladi/Desktop/Elec/Architecture_SE/Radar_2D_Vlad/sof/telemetre_vlad_bsp/\libhal_bsp.a(alt_do_ctors.o)
 .data          0x0000000000004540        0x0 C:/Users/vladi/Desktop/Elec/Architecture_SE/Radar_2D_Vlad/sof/telemetre_vlad_bsp/\libhal_bsp.a(alt_do_dtors.o)
 .data          0x0000000000004540        0x0 C:/Users/vladi/Desktop/Elec/Architecture_SE/Radar_2D_Vlad/sof/telemetre_vlad_bsp/\libhal_bsp.a(alt_errno.o)
 .data          0x0000000000004540        0x0 C:/Users/vladi/Desktop/Elec/Architecture_SE/Radar_2D_Vlad/sof/telemetre_vlad_bsp/\libhal_bsp.a(alt_icache_flush_all.o)
 .data          0x0000000000004540        0x0 C:/Users/vladi/Desktop/Elec/Architecture_SE/Radar_2D_Vlad/sof/telemetre_vlad_bsp/\libhal_bsp.a(alt_iic.o)
 .data          0x0000000000004540        0x0 C:/Users/vladi/Desktop/Elec/Architecture_SE/Radar_2D_Vlad/sof/telemetre_vlad_bsp/\libhal_bsp.a(alt_iic_isr_register.o)
 .data          0x0000000000004540        0x0 C:/Users/vladi/Desktop/Elec/Architecture_SE/Radar_2D_Vlad/sof/telemetre_vlad_bsp/\libhal_bsp.a(alt_io_redirect.o)
 .data          0x0000000000004540        0x0 C:/Users/vladi/Desktop/Elec/Architecture_SE/Radar_2D_Vlad/sof/telemetre_vlad_bsp/\libhal_bsp.a(alt_irq_entry.o)
 .data          0x0000000000004540        0x0 C:/Users/vladi/Desktop/Elec/Architecture_SE/Radar_2D_Vlad/sof/telemetre_vlad_bsp/\libhal_bsp.a(alt_irq_handler.o)
 .data          0x0000000000004540        0x0 C:/Users/vladi/Desktop/Elec/Architecture_SE/Radar_2D_Vlad/sof/telemetre_vlad_bsp/\libhal_bsp.a(alt_irq_vars.o)
 .data          0x0000000000004540        0x0 C:/Users/vladi/Desktop/Elec/Architecture_SE/Radar_2D_Vlad/sof/telemetre_vlad_bsp/\libhal_bsp.a(alt_open.o)
 .data          0x0000000000004540        0x0 C:/Users/vladi/Desktop/Elec/Architecture_SE/Radar_2D_Vlad/sof/telemetre_vlad_bsp/\libhal_bsp.a(alt_release_fd.o)
 .data          0x0000000000004540        0x0 C:/Users/vladi/Desktop/Elec/Architecture_SE/Radar_2D_Vlad/sof/telemetre_vlad_bsp/\libhal_bsp.a(alt_tick.o)
 .data          0x0000000000004540        0x0 C:/Users/vladi/Desktop/Elec/Architecture_SE/Radar_2D_Vlad/sof/telemetre_vlad_bsp/\libhal_bsp.a(altera_nios2_gen2_irq.o)
 .data          0x0000000000004540        0x0 C:/Users/vladi/Desktop/Elec/Architecture_SE/Radar_2D_Vlad/sof/telemetre_vlad_bsp/\libhal_bsp.a(alt_exception_entry.o)
 .data          0x0000000000004540        0x0 C:/Users/vladi/Desktop/Elec/Architecture_SE/Radar_2D_Vlad/sof/telemetre_vlad_bsp/\libhal_bsp.a(alt_find_dev.o)
 .data          0x0000000000004540        0x0 C:/Users/vladi/Desktop/Elec/Architecture_SE/Radar_2D_Vlad/sof/telemetre_vlad_bsp/\libhal_bsp.a(alt_find_file.o)
 .data          0x0000000000004540        0x0 C:/Users/vladi/Desktop/Elec/Architecture_SE/Radar_2D_Vlad/sof/telemetre_vlad_bsp/\libhal_bsp.a(alt_get_fd.o)
 .data          0x0000000000004540        0x0 C:/Users/vladi/Desktop/Elec/Architecture_SE/Radar_2D_Vlad/sof/telemetre_vlad_bsp/\libhal_bsp.a(alt_instruction_exception_entry.o)
 .data          0x0000000000004540        0x0 c:/intelfpga_lite/18.1/nios2eds/bin/gnu/h-x86_64-mingw32/bin/../lib/gcc/nios2-elf/5.3.0/../../../../../H-x86_64-mingw32/nios2-elf/lib/mno-hw-mul\libc.a(lib_a-atexit.o)
 .data          0x0000000000004540        0x0 c:/intelfpga_lite/18.1/nios2eds/bin/gnu/h-x86_64-mingw32/bin/../lib/gcc/nios2-elf/5.3.0/../../../../../H-x86_64-mingw32/nios2-elf/lib/mno-hw-mul\libc.a(lib_a-exit.o)
 .data          0x0000000000004540        0x0 c:/intelfpga_lite/18.1/nios2eds/bin/gnu/h-x86_64-mingw32/bin/../lib/gcc/nios2-elf/5.3.0/../../../../../H-x86_64-mingw32/nios2-elf/lib/mno-hw-mul\libc.a(lib_a-impure.o)
 .data.impure_data
                0x0000000000004540      0x424 c:/intelfpga_lite/18.1/nios2eds/bin/gnu/h-x86_64-mingw32/bin/../lib/gcc/nios2-elf/5.3.0/../../../../../H-x86_64-mingw32/nios2-elf/lib/mno-hw-mul\libc.a(lib_a-impure.o)
 .data          0x0000000000004964        0x0 c:/intelfpga_lite/18.1/nios2eds/bin/gnu/h-x86_64-mingw32/bin/../lib/gcc/nios2-elf/5.3.0/../../../../../H-x86_64-mingw32/nios2-elf/lib/mno-hw-mul\libc.a(lib_a-int_errno.o)
 .data          0x0000000000004964        0x0 c:/intelfpga_lite/18.1/nios2eds/bin/gnu/h-x86_64-mingw32/bin/../lib/gcc/nios2-elf/5.3.0/../../../../../H-x86_64-mingw32/nios2-elf/lib/mno-hw-mul\libc.a(lib_a-memcmp.o)
 .data          0x0000000000004964        0x0 c:/intelfpga_lite/18.1/nios2eds/bin/gnu/h-x86_64-mingw32/bin/../lib/gcc/nios2-elf/5.3.0/../../../../../H-x86_64-mingw32/nios2-elf/lib/mno-hw-mul\libc.a(lib_a-memcpy.o)
 .data          0x0000000000004964        0x0 c:/intelfpga_lite/18.1/nios2eds/bin/gnu/h-x86_64-mingw32/bin/../lib/gcc/nios2-elf/5.3.0/../../../../../H-x86_64-mingw32/nios2-elf/lib/mno-hw-mul\libc.a(lib_a-strlen.o)
 .data          0x0000000000004964        0x0 c:/intelfpga_lite/18.1/nios2eds/bin/gnu/h-x86_64-mingw32/bin/../lib/gcc/nios2-elf/5.3.0/../../../../../H-x86_64-mingw32/nios2-elf/lib/mno-hw-mul\libc.a(lib_a-__atexit.o)
 .data          0x0000000000004964        0x0 c:/intelfpga_lite/18.1/nios2eds/bin/gnu/h-x86_64-mingw32/bin/../lib/gcc/nios2-elf/5.3.0/../../../../../H-x86_64-mingw32/nios2-elf/lib/mno-hw-mul\libc.a(lib_a-__call_atexit.o)
 .data          0x0000000000004964        0x0 c:/intelfpga_lite/18.1/nios2eds/bin/gnu/h-x86_64-mingw32/bin/../lib/gcc/nios2-elf/5.3.0/mno-hw-mul\libgcc.a(lib2-mul.o)
 .data          0x0000000000004964        0x0 C:/Users/vladi/Desktop/Elec/Architecture_SE/Radar_2D_Vlad/sof/telemetre_vlad_bsp/\libhal_bsp.a(alt_exit.o)
                0x000000000000c964                _gp = ABSOLUTE ((. + 0x8000))
                [!provide]                        PROVIDE (gp, _gp)
 *(.rwdata .rwdata.*)
 *(.sdata .sdata.* .gnu.linkonce.s.*)
 .sdata         0x0000000000004964       0x14 C:/Users/vladi/Desktop/Elec/Architecture_SE/Radar_2D_Vlad/sof/telemetre_vlad_bsp/\libhal_bsp.a(alt_dev.o)
                0x0000000000004964                alt_fs_list
                0x000000000000496c                alt_dev_list
                0x0000000000004974                alt_max_fd
 .sdata         0x0000000000004978        0x4 C:/Users/vladi/Desktop/Elec/Architecture_SE/Radar_2D_Vlad/sof/telemetre_vlad_bsp/\libhal_bsp.a(alt_errno.o)
                0x0000000000004978                alt_errno
 .sdata         0x000000000000497c        0x4 C:/Users/vladi/Desktop/Elec/Architecture_SE/Radar_2D_Vlad/sof/telemetre_vlad_bsp/\libhal_bsp.a(alt_irq_vars.o)
                0x000000000000497c                alt_priority_mask
 .sdata         0x0000000000004980        0x8 C:/Users/vladi/Desktop/Elec/Architecture_SE/Radar_2D_Vlad/sof/telemetre_vlad_bsp/\libhal_bsp.a(alt_tick.o)
                0x0000000000004980                alt_alarm_list
 .sdata._global_impure_ptr
                0x0000000000004988        0x4 c:/intelfpga_lite/18.1/nios2eds/bin/gnu/h-x86_64-mingw32/bin/../lib/gcc/nios2-elf/5.3.0/../../../../../H-x86_64-mingw32/nios2-elf/lib/mno-hw-mul\libc.a(lib_a-impure.o)
                0x0000000000004988                _global_impure_ptr
 .sdata._impure_ptr
                0x000000000000498c        0x4 c:/intelfpga_lite/18.1/nios2eds/bin/gnu/h-x86_64-mingw32/bin/../lib/gcc/nios2-elf/5.3.0/../../../../../H-x86_64-mingw32/nios2-elf/lib/mno-hw-mul\libc.a(lib_a-impure.o)
                0x000000000000498c                _impure_ptr
 *(.sdata2 .sdata2.* .gnu.linkonce.s2.*)
                0x0000000000004990                . = ALIGN (0x4)
                0x0000000000004990                _edata = ABSOLUTE (.)
                [!provide]                        PROVIDE (edata, ABSOLUTE (.))
                0x0000000000004990                PROVIDE (__ram_rwdata_end, ABSOLUTE (.))
                0x0000000000004990                PROVIDE (__flash_rwdata_start, LOADADDR (.rwdata))

.bss            0x0000000000006124      0x120
                0x0000000000006124                __bss_start = ABSOLUTE (.)
                [!provide]                        PROVIDE (__sbss_start, ABSOLUTE (.))
                [!provide]                        PROVIDE (___sbss_start, ABSOLUTE (.))
 *(.dynsbss)
 *(.sbss .sbss.* .gnu.linkonce.sb.*)
 .sbss          0x0000000000006124        0xc C:/Users/vladi/Desktop/Elec/Architecture_SE/Radar_2D_Vlad/sof/telemetre_vlad_bsp/\libhal_bsp.a(alt_main.o)
                0x0000000000006124                alt_argc
                0x0000000000006128                alt_argv
                0x000000000000612c                alt_envp
 .sbss          0x0000000000006130        0x4 C:/Users/vladi/Desktop/Elec/Architecture_SE/Radar_2D_Vlad/sof/telemetre_vlad_bsp/\libhal_bsp.a(alt_irq_vars.o)
                0x0000000000006130                alt_irq_active
 .sbss          0x0000000000006134        0x8 C:/Users/vladi/Desktop/Elec/Architecture_SE/Radar_2D_Vlad/sof/telemetre_vlad_bsp/\libhal_bsp.a(alt_tick.o)
                0x0000000000006134                _alt_tick_rate
                0x0000000000006138                _alt_nticks
 .sbss          0x000000000000613c        0x4 C:/Users/vladi/Desktop/Elec/Architecture_SE/Radar_2D_Vlad/sof/telemetre_vlad_bsp/\libhal_bsp.a(alt_instruction_exception_entry.o)
                0x000000000000613c                alt_instruction_exception_handler
 .sbss          0x0000000000006140        0x4 c:/intelfpga_lite/18.1/nios2eds/bin/gnu/h-x86_64-mingw32/bin/../lib/gcc/nios2-elf/5.3.0/../../../../../H-x86_64-mingw32/nios2-elf/lib/mno-hw-mul\libc.a(lib_a-int_errno.o)
                0x0000000000006140                errno
 *(.sbss2 .sbss2.* .gnu.linkonce.sb2.*)
 *(.scommon)
                [!provide]                        PROVIDE (__sbss_end, ABSOLUTE (.))
                [!provide]                        PROVIDE (___sbss_end, ABSOLUTE (.))
 *(.dynbss)
 *(.bss .bss.* .gnu.linkonce.b.*)
 .bss           0x0000000000006144        0x0 C:/Users/vladi/Desktop/Elec/Architecture_SE/Radar_2D_Vlad/sof/telemetre_vlad_bsp//obj/HAL/src/crt0.o
 .bss           0x0000000000006144        0x0 obj/default/telemetre_sept_seg.o
 .bss           0x0000000000006144        0x0 c:/intelfpga_lite/18.1/nios2eds/bin/gnu/h-x86_64-mingw32/bin/../lib/gcc/nios2-elf/5.3.0/mno-hw-mul\libgcc.a(lib2-divmod.o)
 .bss           0x0000000000006144        0x0 C:/Users/vladi/Desktop/Elec/Architecture_SE/Radar_2D_Vlad/sof/telemetre_vlad_bsp/\libhal_bsp.a(alt_load.o)
 .bss           0x0000000000006144        0x0 C:/Users/vladi/Desktop/Elec/Architecture_SE/Radar_2D_Vlad/sof/telemetre_vlad_bsp/\libhal_bsp.a(alt_main.o)
 .bss           0x0000000000006144        0x0 C:/Users/vladi/Desktop/Elec/Architecture_SE/Radar_2D_Vlad/sof/telemetre_vlad_bsp/\libhal_bsp.a(alt_usleep.o)
 .bss           0x0000000000006144        0x0 C:/Users/vladi/Desktop/Elec/Architecture_SE/Radar_2D_Vlad/sof/telemetre_vlad_bsp/\libhal_bsp.a(alt_sys_init.o)
 .bss           0x0000000000006144        0x0 C:/Users/vladi/Desktop/Elec/Architecture_SE/Radar_2D_Vlad/sof/telemetre_vlad_bsp/\libhal_bsp.a(altera_avalon_jtag_uart_fd.o)
 .bss           0x0000000000006144        0x0 C:/Users/vladi/Desktop/Elec/Architecture_SE/Radar_2D_Vlad/sof/telemetre_vlad_bsp/\libhal_bsp.a(altera_avalon_jtag_uart_init.o)
 .bss           0x0000000000006144        0x0 C:/Users/vladi/Desktop/Elec/Architecture_SE/Radar_2D_Vlad/sof/telemetre_vlad_bsp/\libhal_bsp.a(altera_avalon_jtag_uart_ioctl.o)
 .bss           0x0000000000006144        0x0 C:/Users/vladi/Desktop/Elec/Architecture_SE/Radar_2D_Vlad/sof/telemetre_vlad_bsp/\libhal_bsp.a(altera_avalon_jtag_uart_read.o)
 .bss           0x0000000000006144        0x0 C:/Users/vladi/Desktop/Elec/Architecture_SE/Radar_2D_Vlad/sof/telemetre_vlad_bsp/\libhal_bsp.a(altera_avalon_jtag_uart_write.o)
 .bss           0x0000000000006144        0x0 C:/Users/vladi/Desktop/Elec/Architecture_SE/Radar_2D_Vlad/sof/telemetre_vlad_bsp/\libhal_bsp.a(altera_avalon_timer_sc.o)
 .bss           0x0000000000006144        0x0 C:/Users/vladi/Desktop/Elec/Architecture_SE/Radar_2D_Vlad/sof/telemetre_vlad_bsp/\libhal_bsp.a(alt_alarm_start.o)
 .bss           0x0000000000006144        0x0 C:/Users/vladi/Desktop/Elec/Architecture_SE/Radar_2D_Vlad/sof/telemetre_vlad_bsp/\libhal_bsp.a(alt_busy_sleep.o)
 .bss           0x0000000000006144        0x0 C:/Users/vladi/Desktop/Elec/Architecture_SE/Radar_2D_Vlad/sof/telemetre_vlad_bsp/\libhal_bsp.a(alt_close.o)
 .bss           0x0000000000006144        0x0 C:/Users/vladi/Desktop/Elec/Architecture_SE/Radar_2D_Vlad/sof/telemetre_vlad_bsp/\libhal_bsp.a(alt_dcache_flush_all.o)
 .bss           0x0000000000006144        0x0 C:/Users/vladi/Desktop/Elec/Architecture_SE/Radar_2D_Vlad/sof/telemetre_vlad_bsp/\libhal_bsp.a(alt_dev.o)
 .bss           0x0000000000006144        0x0 C:/Users/vladi/Desktop/Elec/Architecture_SE/Radar_2D_Vlad/sof/telemetre_vlad_bsp/\libhal_bsp.a(alt_dev_llist_insert.o)
 .bss           0x0000000000006144        0x0 C:/Users/vladi/Desktop/Elec/Architecture_SE/Radar_2D_Vlad/sof/telemetre_vlad_bsp/\libhal_bsp.a(alt_do_ctors.o)
 .bss           0x0000000000006144        0x0 C:/Users/vladi/Desktop/Elec/Architecture_SE/Radar_2D_Vlad/sof/telemetre_vlad_bsp/\libhal_bsp.a(alt_do_dtors.o)
 .bss           0x0000000000006144        0x0 C:/Users/vladi/Desktop/Elec/Architecture_SE/Radar_2D_Vlad/sof/telemetre_vlad_bsp/\libhal_bsp.a(alt_errno.o)
 .bss           0x0000000000006144        0x0 C:/Users/vladi/Desktop/Elec/Architecture_SE/Radar_2D_Vlad/sof/telemetre_vlad_bsp/\libhal_bsp.a(alt_icache_flush_all.o)
 .bss           0x0000000000006144        0x0 C:/Users/vladi/Desktop/Elec/Architecture_SE/Radar_2D_Vlad/sof/telemetre_vlad_bsp/\libhal_bsp.a(alt_iic.o)
 .bss           0x0000000000006144        0x0 C:/Users/vladi/Desktop/Elec/Architecture_SE/Radar_2D_Vlad/sof/telemetre_vlad_bsp/\libhal_bsp.a(alt_iic_isr_register.o)
 .bss           0x0000000000006144        0x0 C:/Users/vladi/Desktop/Elec/Architecture_SE/Radar_2D_Vlad/sof/telemetre_vlad_bsp/\libhal_bsp.a(alt_io_redirect.o)
 .bss           0x0000000000006144        0x0 C:/Users/vladi/Desktop/Elec/Architecture_SE/Radar_2D_Vlad/sof/telemetre_vlad_bsp/\libhal_bsp.a(alt_irq_entry.o)
 .bss           0x0000000000006144        0x0 C:/Users/vladi/Desktop/Elec/Architecture_SE/Radar_2D_Vlad/sof/telemetre_vlad_bsp/\libhal_bsp.a(alt_irq_handler.o)
 .bss           0x0000000000006144        0x0 C:/Users/vladi/Desktop/Elec/Architecture_SE/Radar_2D_Vlad/sof/telemetre_vlad_bsp/\libhal_bsp.a(alt_irq_vars.o)
 .bss           0x0000000000006144        0x0 C:/Users/vladi/Desktop/Elec/Architecture_SE/Radar_2D_Vlad/sof/telemetre_vlad_bsp/\libhal_bsp.a(alt_open.o)
 .bss           0x0000000000006144        0x0 C:/Users/vladi/Desktop/Elec/Architecture_SE/Radar_2D_Vlad/sof/telemetre_vlad_bsp/\libhal_bsp.a(alt_release_fd.o)
 .bss           0x0000000000006144        0x0 C:/Users/vladi/Desktop/Elec/Architecture_SE/Radar_2D_Vlad/sof/telemetre_vlad_bsp/\libhal_bsp.a(alt_tick.o)
 .bss           0x0000000000006144        0x0 C:/Users/vladi/Desktop/Elec/Architecture_SE/Radar_2D_Vlad/sof/telemetre_vlad_bsp/\libhal_bsp.a(altera_nios2_gen2_irq.o)
 .bss           0x0000000000006144        0x0 C:/Users/vladi/Desktop/Elec/Architecture_SE/Radar_2D_Vlad/sof/telemetre_vlad_bsp/\libhal_bsp.a(alt_exception_entry.o)
 .bss           0x0000000000006144        0x0 C:/Users/vladi/Desktop/Elec/Architecture_SE/Radar_2D_Vlad/sof/telemetre_vlad_bsp/\libhal_bsp.a(alt_find_dev.o)
 .bss           0x0000000000006144        0x0 C:/Users/vladi/Desktop/Elec/Architecture_SE/Radar_2D_Vlad/sof/telemetre_vlad_bsp/\libhal_bsp.a(alt_find_file.o)
 .bss           0x0000000000006144        0x0 C:/Users/vladi/Desktop/Elec/Architecture_SE/Radar_2D_Vlad/sof/telemetre_vlad_bsp/\libhal_bsp.a(alt_get_fd.o)
 .bss           0x0000000000006144        0x0 C:/Users/vladi/Desktop/Elec/Architecture_SE/Radar_2D_Vlad/sof/telemetre_vlad_bsp/\libhal_bsp.a(alt_instruction_exception_entry.o)
 .bss           0x0000000000006144        0x0 c:/intelfpga_lite/18.1/nios2eds/bin/gnu/h-x86_64-mingw32/bin/../lib/gcc/nios2-elf/5.3.0/../../../../../H-x86_64-mingw32/nios2-elf/lib/mno-hw-mul\libc.a(lib_a-atexit.o)
 .bss           0x0000000000006144        0x0 c:/intelfpga_lite/18.1/nios2eds/bin/gnu/h-x86_64-mingw32/bin/../lib/gcc/nios2-elf/5.3.0/../../../../../H-x86_64-mingw32/nios2-elf/lib/mno-hw-mul\libc.a(lib_a-exit.o)
 .bss           0x0000000000006144        0x0 c:/intelfpga_lite/18.1/nios2eds/bin/gnu/h-x86_64-mingw32/bin/../lib/gcc/nios2-elf/5.3.0/../../../../../H-x86_64-mingw32/nios2-elf/lib/mno-hw-mul\libc.a(lib_a-impure.o)
 .bss           0x0000000000006144        0x0 c:/intelfpga_lite/18.1/nios2eds/bin/gnu/h-x86_64-mingw32/bin/../lib/gcc/nios2-elf/5.3.0/../../../../../H-x86_64-mingw32/nios2-elf/lib/mno-hw-mul\libc.a(lib_a-int_errno.o)
 .bss           0x0000000000006144        0x0 c:/intelfpga_lite/18.1/nios2eds/bin/gnu/h-x86_64-mingw32/bin/../lib/gcc/nios2-elf/5.3.0/../../../../../H-x86_64-mingw32/nios2-elf/lib/mno-hw-mul\libc.a(lib_a-memcmp.o)
 .bss           0x0000000000006144        0x0 c:/intelfpga_lite/18.1/nios2eds/bin/gnu/h-x86_64-mingw32/bin/../lib/gcc/nios2-elf/5.3.0/../../../../../H-x86_64-mingw32/nios2-elf/lib/mno-hw-mul\libc.a(lib_a-memcpy.o)
 .bss           0x0000000000006144        0x0 c:/intelfpga_lite/18.1/nios2eds/bin/gnu/h-x86_64-mingw32/bin/../lib/gcc/nios2-elf/5.3.0/../../../../../H-x86_64-mingw32/nios2-elf/lib/mno-hw-mul\libc.a(lib_a-strlen.o)
 .bss           0x0000000000006144        0x0 c:/intelfpga_lite/18.1/nios2eds/bin/gnu/h-x86_64-mingw32/bin/../lib/gcc/nios2-elf/5.3.0/../../../../../H-x86_64-mingw32/nios2-elf/lib/mno-hw-mul\libc.a(lib_a-__atexit.o)
 .bss           0x0000000000006144        0x0 c:/intelfpga_lite/18.1/nios2eds/bin/gnu/h-x86_64-mingw32/bin/../lib/gcc/nios2-elf/5.3.0/../../../../../H-x86_64-mingw32/nios2-elf/lib/mno-hw-mul\libc.a(lib_a-__call_atexit.o)
 .bss           0x0000000000006144        0x0 c:/intelfpga_lite/18.1/nios2eds/bin/gnu/h-x86_64-mingw32/bin/../lib/gcc/nios2-elf/5.3.0/mno-hw-mul\libgcc.a(lib2-mul.o)
 .bss           0x0000000000006144        0x0 C:/Users/vladi/Desktop/Elec/Architecture_SE/Radar_2D_Vlad/sof/telemetre_vlad_bsp/\libhal_bsp.a(alt_exit.o)
 *(COMMON)
 COMMON         0x0000000000006144      0x100 C:/Users/vladi/Desktop/Elec/Architecture_SE/Radar_2D_Vlad/sof/telemetre_vlad_bsp/\libhal_bsp.a(alt_irq_handler.o)
                0x0000000000006144                alt_irq
                0x0000000000006244                . = ALIGN (0x4)
                0x0000000000006244                __bss_end = ABSOLUTE (.)

.SDRAM          0x0000000000006244        0x0
                [!provide]                        PROVIDE (_alt_partition_SDRAM_start, ABSOLUTE (.))
 *(.SDRAM .SDRAM. SDRAM.*)
                0x0000000000006244                . = ALIGN (0x4)
                [!provide]                        PROVIDE (_alt_partition_SDRAM_end, ABSOLUTE (.))
                0x0000000000006244                _end = ABSOLUTE (.)
                0x0000000000006244                end = ABSOLUTE (.)
                0x0000000000006244                __alt_stack_base = ABSOLUTE (.)
                [!provide]                        PROVIDE (_alt_partition_SDRAM_load_addr, LOADADDR (.SDRAM))

.Onchip_SRAM    0x0000000008000000        0x0 load address 0x0000000000006244
                [!provide]                        PROVIDE (_alt_partition_Onchip_SRAM_start, ABSOLUTE (.))
 *(.Onchip_SRAM .Onchip_SRAM. Onchip_SRAM.*)
                0x0000000008000000                . = ALIGN (0x4)
                [!provide]                        PROVIDE (_alt_partition_Onchip_SRAM_end, ABSOLUTE (.))
                [!provide]                        PROVIDE (_alt_partition_Onchip_SRAM_load_addr, LOADADDR (.Onchip_SRAM))

.VGA_Subsystem_Char_Buf_Subsystem_Onchip_SRAM
                0x0000000009000000        0x0 load address 0x0000000000006244
                [!provide]                        PROVIDE (_alt_partition_VGA_Subsystem_Char_Buf_Subsystem_Onchip_SRAM_start, ABSOLUTE (.))
 *(.VGA_Subsystem_Char_Buf_Subsystem_Onchip_SRAM .VGA_Subsystem_Char_Buf_Subsystem_Onchip_SRAM. VGA_Subsystem_Char_Buf_Subsystem_Onchip_SRAM.*)
                0x0000000009000000                . = ALIGN (0x4)
                [!provide]                        PROVIDE (_alt_partition_VGA_Subsystem_Char_Buf_Subsystem_Onchip_SRAM_end, ABSOLUTE (.))
                [!provide]                        PROVIDE (_alt_partition_VGA_Subsystem_Char_Buf_Subsystem_Onchip_SRAM_load_addr, LOADADDR (.VGA_Subsystem_Char_Buf_Subsystem_Onchip_SRAM))

.stab
 *(.stab)

.stabstr
 *(.stabstr)

.stab.excl
 *(.stab.excl)

.stab.exclstr
 *(.stab.exclstr)

.stab.index
 *(.stab.index)

.stab.indexstr
 *(.stab.indexstr)

.comment        0x0000000000000000       0x23
 *(.comment)
 .comment       0x0000000000000000       0x23 obj/default/telemetre_sept_seg.o
                                         0x24 (size before relaxing)
 .comment       0x0000000000000023       0x24 c:/intelfpga_lite/18.1/nios2eds/bin/gnu/h-x86_64-mingw32/bin/../lib/gcc/nios2-elf/5.3.0/mno-hw-mul\libgcc.a(lib2-divmod.o)
 .comment       0x0000000000000023       0x24 C:/Users/vladi/Desktop/Elec/Architecture_SE/Radar_2D_Vlad/sof/telemetre_vlad_bsp/\libhal_bsp.a(alt_load.o)
 .comment       0x0000000000000023       0x24 C:/Users/vladi/Desktop/Elec/Architecture_SE/Radar_2D_Vlad/sof/telemetre_vlad_bsp/\libhal_bsp.a(alt_main.o)
 .comment       0x0000000000000023       0x24 C:/Users/vladi/Desktop/Elec/Architecture_SE/Radar_2D_Vlad/sof/telemetre_vlad_bsp/\libhal_bsp.a(alt_usleep.o)
 .comment       0x0000000000000023       0x24 C:/Users/vladi/Desktop/Elec/Architecture_SE/Radar_2D_Vlad/sof/telemetre_vlad_bsp/\libhal_bsp.a(alt_sys_init.o)
 .comment       0x0000000000000023       0x24 C:/Users/vladi/Desktop/Elec/Architecture_SE/Radar_2D_Vlad/sof/telemetre_vlad_bsp/\libhal_bsp.a(altera_avalon_jtag_uart_fd.o)
 .comment       0x0000000000000023       0x24 C:/Users/vladi/Desktop/Elec/Architecture_SE/Radar_2D_Vlad/sof/telemetre_vlad_bsp/\libhal_bsp.a(altera_avalon_jtag_uart_init.o)
 .comment       0x0000000000000023       0x24 C:/Users/vladi/Desktop/Elec/Architecture_SE/Radar_2D_Vlad/sof/telemetre_vlad_bsp/\libhal_bsp.a(altera_avalon_jtag_uart_ioctl.o)
 .comment       0x0000000000000023       0x24 C:/Users/vladi/Desktop/Elec/Architecture_SE/Radar_2D_Vlad/sof/telemetre_vlad_bsp/\libhal_bsp.a(altera_avalon_jtag_uart_read.o)
 .comment       0x0000000000000023       0x24 C:/Users/vladi/Desktop/Elec/Architecture_SE/Radar_2D_Vlad/sof/telemetre_vlad_bsp/\libhal_bsp.a(altera_avalon_jtag_uart_write.o)
 .comment       0x0000000000000023       0x24 C:/Users/vladi/Desktop/Elec/Architecture_SE/Radar_2D_Vlad/sof/telemetre_vlad_bsp/\libhal_bsp.a(altera_avalon_timer_sc.o)
 .comment       0x0000000000000023       0x24 C:/Users/vladi/Desktop/Elec/Architecture_SE/Radar_2D_Vlad/sof/telemetre_vlad_bsp/\libhal_bsp.a(alt_alarm_start.o)
 .comment       0x0000000000000023       0x24 C:/Users/vladi/Desktop/Elec/Architecture_SE/Radar_2D_Vlad/sof/telemetre_vlad_bsp/\libhal_bsp.a(alt_busy_sleep.o)
 .comment       0x0000000000000023       0x24 C:/Users/vladi/Desktop/Elec/Architecture_SE/Radar_2D_Vlad/sof/telemetre_vlad_bsp/\libhal_bsp.a(alt_close.o)
 .comment       0x0000000000000023       0x24 C:/Users/vladi/Desktop/Elec/Architecture_SE/Radar_2D_Vlad/sof/telemetre_vlad_bsp/\libhal_bsp.a(alt_dcache_flush_all.o)
 .comment       0x0000000000000023       0x24 C:/Users/vladi/Desktop/Elec/Architecture_SE/Radar_2D_Vlad/sof/telemetre_vlad_bsp/\libhal_bsp.a(alt_dev.o)
 .comment       0x0000000000000023       0x24 C:/Users/vladi/Desktop/Elec/Architecture_SE/Radar_2D_Vlad/sof/telemetre_vlad_bsp/\libhal_bsp.a(alt_dev_llist_insert.o)
 .comment       0x0000000000000023       0x24 C:/Users/vladi/Desktop/Elec/Architecture_SE/Radar_2D_Vlad/sof/telemetre_vlad_bsp/\libhal_bsp.a(alt_do_ctors.o)
 .comment       0x0000000000000023       0x24 C:/Users/vladi/Desktop/Elec/Architecture_SE/Radar_2D_Vlad/sof/telemetre_vlad_bsp/\libhal_bsp.a(alt_do_dtors.o)
 .comment       0x0000000000000023       0x24 C:/Users/vladi/Desktop/Elec/Architecture_SE/Radar_2D_Vlad/sof/telemetre_vlad_bsp/\libhal_bsp.a(alt_errno.o)
 .comment       0x0000000000000023       0x24 C:/Users/vladi/Desktop/Elec/Architecture_SE/Radar_2D_Vlad/sof/telemetre_vlad_bsp/\libhal_bsp.a(alt_icache_flush_all.o)
 .comment       0x0000000000000023       0x24 C:/Users/vladi/Desktop/Elec/Architecture_SE/Radar_2D_Vlad/sof/telemetre_vlad_bsp/\libhal_bsp.a(alt_iic.o)
 .comment       0x0000000000000023       0x24 C:/Users/vladi/Desktop/Elec/Architecture_SE/Radar_2D_Vlad/sof/telemetre_vlad_bsp/\libhal_bsp.a(alt_iic_isr_register.o)
 .comment       0x0000000000000023       0x24 C:/Users/vladi/Desktop/Elec/Architecture_SE/Radar_2D_Vlad/sof/telemetre_vlad_bsp/\libhal_bsp.a(alt_io_redirect.o)
 .comment       0x0000000000000023       0x24 C:/Users/vladi/Desktop/Elec/Architecture_SE/Radar_2D_Vlad/sof/telemetre_vlad_bsp/\libhal_bsp.a(alt_irq_handler.o)
 .comment       0x0000000000000023       0x24 C:/Users/vladi/Desktop/Elec/Architecture_SE/Radar_2D_Vlad/sof/telemetre_vlad_bsp/\libhal_bsp.a(alt_irq_vars.o)
 .comment       0x0000000000000023       0x24 C:/Users/vladi/Desktop/Elec/Architecture_SE/Radar_2D_Vlad/sof/telemetre_vlad_bsp/\libhal_bsp.a(alt_open.o)
 .comment       0x0000000000000023       0x24 C:/Users/vladi/Desktop/Elec/Architecture_SE/Radar_2D_Vlad/sof/telemetre_vlad_bsp/\libhal_bsp.a(alt_release_fd.o)
 .comment       0x0000000000000023       0x24 C:/Users/vladi/Desktop/Elec/Architecture_SE/Radar_2D_Vlad/sof/telemetre_vlad_bsp/\libhal_bsp.a(alt_tick.o)
 .comment       0x0000000000000023       0x24 C:/Users/vladi/Desktop/Elec/Architecture_SE/Radar_2D_Vlad/sof/telemetre_vlad_bsp/\libhal_bsp.a(altera_nios2_gen2_irq.o)
 .comment       0x0000000000000023       0x24 C:/Users/vladi/Desktop/Elec/Architecture_SE/Radar_2D_Vlad/sof/telemetre_vlad_bsp/\libhal_bsp.a(alt_find_dev.o)
 .comment       0x0000000000000023       0x24 C:/Users/vladi/Desktop/Elec/Architecture_SE/Radar_2D_Vlad/sof/telemetre_vlad_bsp/\libhal_bsp.a(alt_find_file.o)
 .comment       0x0000000000000023       0x24 C:/Users/vladi/Desktop/Elec/Architecture_SE/Radar_2D_Vlad/sof/telemetre_vlad_bsp/\libhal_bsp.a(alt_get_fd.o)
 .comment       0x0000000000000023       0x24 C:/Users/vladi/Desktop/Elec/Architecture_SE/Radar_2D_Vlad/sof/telemetre_vlad_bsp/\libhal_bsp.a(alt_instruction_exception_entry.o)
 .comment       0x0000000000000023       0x24 c:/intelfpga_lite/18.1/nios2eds/bin/gnu/h-x86_64-mingw32/bin/../lib/gcc/nios2-elf/5.3.0/../../../../../H-x86_64-mingw32/nios2-elf/lib/mno-hw-mul\libc.a(lib_a-atexit.o)
 .comment       0x0000000000000023       0x24 c:/intelfpga_lite/18.1/nios2eds/bin/gnu/h-x86_64-mingw32/bin/../lib/gcc/nios2-elf/5.3.0/../../../../../H-x86_64-mingw32/nios2-elf/lib/mno-hw-mul\libc.a(lib_a-exit.o)
 .comment       0x0000000000000023       0x24 c:/intelfpga_lite/18.1/nios2eds/bin/gnu/h-x86_64-mingw32/bin/../lib/gcc/nios2-elf/5.3.0/../../../../../H-x86_64-mingw32/nios2-elf/lib/mno-hw-mul\libc.a(lib_a-impure.o)
 .comment       0x0000000000000023       0x24 c:/intelfpga_lite/18.1/nios2eds/bin/gnu/h-x86_64-mingw32/bin/../lib/gcc/nios2-elf/5.3.0/../../../../../H-x86_64-mingw32/nios2-elf/lib/mno-hw-mul\libc.a(lib_a-int_errno.o)
 .comment       0x0000000000000023       0x24 c:/intelfpga_lite/18.1/nios2eds/bin/gnu/h-x86_64-mingw32/bin/../lib/gcc/nios2-elf/5.3.0/../../../../../H-x86_64-mingw32/nios2-elf/lib/mno-hw-mul\libc.a(lib_a-memcmp.o)
 .comment       0x0000000000000023       0x24 c:/intelfpga_lite/18.1/nios2eds/bin/gnu/h-x86_64-mingw32/bin/../lib/gcc/nios2-elf/5.3.0/../../../../../H-x86_64-mingw32/nios2-elf/lib/mno-hw-mul\libc.a(lib_a-memcpy.o)
 .comment       0x0000000000000023       0x24 c:/intelfpga_lite/18.1/nios2eds/bin/gnu/h-x86_64-mingw32/bin/../lib/gcc/nios2-elf/5.3.0/../../../../../H-x86_64-mingw32/nios2-elf/lib/mno-hw-mul\libc.a(lib_a-strlen.o)
 .comment       0x0000000000000023       0x24 c:/intelfpga_lite/18.1/nios2eds/bin/gnu/h-x86_64-mingw32/bin/../lib/gcc/nios2-elf/5.3.0/../../../../../H-x86_64-mingw32/nios2-elf/lib/mno-hw-mul\libc.a(lib_a-__atexit.o)
 .comment       0x0000000000000023       0x24 c:/intelfpga_lite/18.1/nios2eds/bin/gnu/h-x86_64-mingw32/bin/../lib/gcc/nios2-elf/5.3.0/../../../../../H-x86_64-mingw32/nios2-elf/lib/mno-hw-mul\libc.a(lib_a-__call_atexit.o)
 .comment       0x0000000000000023       0x24 c:/intelfpga_lite/18.1/nios2eds/bin/gnu/h-x86_64-mingw32/bin/../lib/gcc/nios2-elf/5.3.0/mno-hw-mul\libgcc.a(lib2-mul.o)
 .comment       0x0000000000000023       0x24 C:/Users/vladi/Desktop/Elec/Architecture_SE/Radar_2D_Vlad/sof/telemetre_vlad_bsp/\libhal_bsp.a(alt_exit.o)

.debug
 *(.debug)

.line
 *(.line)

.debug_srcinfo
 *(.debug_srcinfo)

.debug_sfnames
 *(.debug_sfnames)

.debug_aranges  0x0000000000000000      0x638
 *(.debug_aranges)
 .debug_aranges
                0x0000000000000000       0x28 C:/Users/vladi/Desktop/Elec/Architecture_SE/Radar_2D_Vlad/sof/telemetre_vlad_bsp//obj/HAL/src/crt0.o
 .debug_aranges
                0x0000000000000028       0x20 obj/default/telemetre_sept_seg.o
 .debug_aranges
                0x0000000000000048       0x20 c:/intelfpga_lite/18.1/nios2eds/bin/gnu/h-x86_64-mingw32/bin/../lib/gcc/nios2-elf/5.3.0/mno-hw-mul\libgcc.a(lib2-divmod.o)
 .debug_aranges
                0x0000000000000068       0x20 C:/Users/vladi/Desktop/Elec/Architecture_SE/Radar_2D_Vlad/sof/telemetre_vlad_bsp/\libhal_bsp.a(alt_load.o)
 .debug_aranges
                0x0000000000000088       0x20 C:/Users/vladi/Desktop/Elec/Architecture_SE/Radar_2D_Vlad/sof/telemetre_vlad_bsp/\libhal_bsp.a(alt_main.o)
 .debug_aranges
                0x00000000000000a8       0x20 C:/Users/vladi/Desktop/Elec/Architecture_SE/Radar_2D_Vlad/sof/telemetre_vlad_bsp/\libhal_bsp.a(alt_usleep.o)
 .debug_aranges
                0x00000000000000c8       0x20 C:/Users/vladi/Desktop/Elec/Architecture_SE/Radar_2D_Vlad/sof/telemetre_vlad_bsp/\libhal_bsp.a(alt_sys_init.o)
 .debug_aranges
                0x00000000000000e8       0x20 C:/Users/vladi/Desktop/Elec/Architecture_SE/Radar_2D_Vlad/sof/telemetre_vlad_bsp/\libhal_bsp.a(altera_avalon_jtag_uart_fd.o)
 .debug_aranges
                0x0000000000000108       0x20 C:/Users/vladi/Desktop/Elec/Architecture_SE/Radar_2D_Vlad/sof/telemetre_vlad_bsp/\libhal_bsp.a(altera_avalon_jtag_uart_init.o)
 .debug_aranges
                0x0000000000000128       0x20 C:/Users/vladi/Desktop/Elec/Architecture_SE/Radar_2D_Vlad/sof/telemetre_vlad_bsp/\libhal_bsp.a(altera_avalon_jtag_uart_ioctl.o)
 .debug_aranges
                0x0000000000000148       0x20 C:/Users/vladi/Desktop/Elec/Architecture_SE/Radar_2D_Vlad/sof/telemetre_vlad_bsp/\libhal_bsp.a(altera_avalon_jtag_uart_read.o)
 .debug_aranges
                0x0000000000000168       0x20 C:/Users/vladi/Desktop/Elec/Architecture_SE/Radar_2D_Vlad/sof/telemetre_vlad_bsp/\libhal_bsp.a(altera_avalon_jtag_uart_write.o)
 .debug_aranges
                0x0000000000000188       0x20 C:/Users/vladi/Desktop/Elec/Architecture_SE/Radar_2D_Vlad/sof/telemetre_vlad_bsp/\libhal_bsp.a(altera_avalon_timer_sc.o)
 .debug_aranges
                0x00000000000001a8       0x20 C:/Users/vladi/Desktop/Elec/Architecture_SE/Radar_2D_Vlad/sof/telemetre_vlad_bsp/\libhal_bsp.a(alt_alarm_start.o)
 .debug_aranges
                0x00000000000001c8       0x20 C:/Users/vladi/Desktop/Elec/Architecture_SE/Radar_2D_Vlad/sof/telemetre_vlad_bsp/\libhal_bsp.a(alt_busy_sleep.o)
 .debug_aranges
                0x00000000000001e8       0x20 C:/Users/vladi/Desktop/Elec/Architecture_SE/Radar_2D_Vlad/sof/telemetre_vlad_bsp/\libhal_bsp.a(alt_close.o)
 .debug_aranges
                0x0000000000000208       0x20 C:/Users/vladi/Desktop/Elec/Architecture_SE/Radar_2D_Vlad/sof/telemetre_vlad_bsp/\libhal_bsp.a(alt_dcache_flush_all.o)
 .debug_aranges
                0x0000000000000228       0x20 C:/Users/vladi/Desktop/Elec/Architecture_SE/Radar_2D_Vlad/sof/telemetre_vlad_bsp/\libhal_bsp.a(alt_dev.o)
 .debug_aranges
                0x0000000000000248       0x20 C:/Users/vladi/Desktop/Elec/Architecture_SE/Radar_2D_Vlad/sof/telemetre_vlad_bsp/\libhal_bsp.a(alt_dev_llist_insert.o)
 .debug_aranges
                0x0000000000000268       0x20 C:/Users/vladi/Desktop/Elec/Architecture_SE/Radar_2D_Vlad/sof/telemetre_vlad_bsp/\libhal_bsp.a(alt_do_ctors.o)
 .debug_aranges
                0x0000000000000288       0x20 C:/Users/vladi/Desktop/Elec/Architecture_SE/Radar_2D_Vlad/sof/telemetre_vlad_bsp/\libhal_bsp.a(alt_do_dtors.o)
 .debug_aranges
                0x00000000000002a8       0x18 C:/Users/vladi/Desktop/Elec/Architecture_SE/Radar_2D_Vlad/sof/telemetre_vlad_bsp/\libhal_bsp.a(alt_errno.o)
 .debug_aranges
                0x00000000000002c0       0x20 C:/Users/vladi/Desktop/Elec/Architecture_SE/Radar_2D_Vlad/sof/telemetre_vlad_bsp/\libhal_bsp.a(alt_icache_flush_all.o)
 .debug_aranges
                0x00000000000002e0       0x20 C:/Users/vladi/Desktop/Elec/Architecture_SE/Radar_2D_Vlad/sof/telemetre_vlad_bsp/\libhal_bsp.a(alt_iic.o)
 .debug_aranges
                0x0000000000000300       0x20 C:/Users/vladi/Desktop/Elec/Architecture_SE/Radar_2D_Vlad/sof/telemetre_vlad_bsp/\libhal_bsp.a(alt_iic_isr_register.o)
 .debug_aranges
                0x0000000000000320       0x20 C:/Users/vladi/Desktop/Elec/Architecture_SE/Radar_2D_Vlad/sof/telemetre_vlad_bsp/\libhal_bsp.a(alt_io_redirect.o)
 .debug_aranges
                0x0000000000000340       0x30 C:/Users/vladi/Desktop/Elec/Architecture_SE/Radar_2D_Vlad/sof/telemetre_vlad_bsp/\libhal_bsp.a(alt_irq_entry.o)
 .debug_aranges
                0x0000000000000370       0x20 C:/Users/vladi/Desktop/Elec/Architecture_SE/Radar_2D_Vlad/sof/telemetre_vlad_bsp/\libhal_bsp.a(alt_irq_handler.o)
 .debug_aranges
                0x0000000000000390       0x18 C:/Users/vladi/Desktop/Elec/Architecture_SE/Radar_2D_Vlad/sof/telemetre_vlad_bsp/\libhal_bsp.a(alt_irq_vars.o)
 .debug_aranges
                0x00000000000003a8       0x20 C:/Users/vladi/Desktop/Elec/Architecture_SE/Radar_2D_Vlad/sof/telemetre_vlad_bsp/\libhal_bsp.a(alt_open.o)
 .debug_aranges
                0x00000000000003c8       0x20 C:/Users/vladi/Desktop/Elec/Architecture_SE/Radar_2D_Vlad/sof/telemetre_vlad_bsp/\libhal_bsp.a(alt_release_fd.o)
 .debug_aranges
                0x00000000000003e8       0x20 C:/Users/vladi/Desktop/Elec/Architecture_SE/Radar_2D_Vlad/sof/telemetre_vlad_bsp/\libhal_bsp.a(alt_tick.o)
 .debug_aranges
                0x0000000000000408       0x20 C:/Users/vladi/Desktop/Elec/Architecture_SE/Radar_2D_Vlad/sof/telemetre_vlad_bsp/\libhal_bsp.a(altera_nios2_gen2_irq.o)
 .debug_aranges
                0x0000000000000428       0x38 C:/Users/vladi/Desktop/Elec/Architecture_SE/Radar_2D_Vlad/sof/telemetre_vlad_bsp/\libhal_bsp.a(alt_exception_entry.o)
 .debug_aranges
                0x0000000000000460       0x20 C:/Users/vladi/Desktop/Elec/Architecture_SE/Radar_2D_Vlad/sof/telemetre_vlad_bsp/\libhal_bsp.a(alt_find_dev.o)
 .debug_aranges
                0x0000000000000480       0x20 C:/Users/vladi/Desktop/Elec/Architecture_SE/Radar_2D_Vlad/sof/telemetre_vlad_bsp/\libhal_bsp.a(alt_find_file.o)
 .debug_aranges
                0x00000000000004a0       0x20 C:/Users/vladi/Desktop/Elec/Architecture_SE/Radar_2D_Vlad/sof/telemetre_vlad_bsp/\libhal_bsp.a(alt_get_fd.o)
 .debug_aranges
                0x00000000000004c0       0x28 C:/Users/vladi/Desktop/Elec/Architecture_SE/Radar_2D_Vlad/sof/telemetre_vlad_bsp/\libhal_bsp.a(alt_instruction_exception_entry.o)
 .debug_aranges
                0x00000000000004e8       0x20 c:/intelfpga_lite/18.1/nios2eds/bin/gnu/h-x86_64-mingw32/bin/../lib/gcc/nios2-elf/5.3.0/../../../../../H-x86_64-mingw32/nios2-elf/lib/mno-hw-mul\libc.a(lib_a-atexit.o)
 .debug_aranges
                0x0000000000000508       0x20 c:/intelfpga_lite/18.1/nios2eds/bin/gnu/h-x86_64-mingw32/bin/../lib/gcc/nios2-elf/5.3.0/../../../../../H-x86_64-mingw32/nios2-elf/lib/mno-hw-mul\libc.a(lib_a-exit.o)
 .debug_aranges
                0x0000000000000528       0x18 c:/intelfpga_lite/18.1/nios2eds/bin/gnu/h-x86_64-mingw32/bin/../lib/gcc/nios2-elf/5.3.0/../../../../../H-x86_64-mingw32/nios2-elf/lib/mno-hw-mul\libc.a(lib_a-impure.o)
 .debug_aranges
                0x0000000000000540       0x18 c:/intelfpga_lite/18.1/nios2eds/bin/gnu/h-x86_64-mingw32/bin/../lib/gcc/nios2-elf/5.3.0/../../../../../H-x86_64-mingw32/nios2-elf/lib/mno-hw-mul\libc.a(lib_a-int_errno.o)
 .debug_aranges
                0x0000000000000558       0x20 c:/intelfpga_lite/18.1/nios2eds/bin/gnu/h-x86_64-mingw32/bin/../lib/gcc/nios2-elf/5.3.0/../../../../../H-x86_64-mingw32/nios2-elf/lib/mno-hw-mul\libc.a(lib_a-memcmp.o)
 .debug_aranges
                0x0000000000000578       0x20 c:/intelfpga_lite/18.1/nios2eds/bin/gnu/h-x86_64-mingw32/bin/../lib/gcc/nios2-elf/5.3.0/../../../../../H-x86_64-mingw32/nios2-elf/lib/mno-hw-mul\libc.a(lib_a-memcpy.o)
 .debug_aranges
                0x0000000000000598       0x20 c:/intelfpga_lite/18.1/nios2eds/bin/gnu/h-x86_64-mingw32/bin/../lib/gcc/nios2-elf/5.3.0/../../../../../H-x86_64-mingw32/nios2-elf/lib/mno-hw-mul\libc.a(lib_a-strlen.o)
 .debug_aranges
                0x00000000000005b8       0x20 c:/intelfpga_lite/18.1/nios2eds/bin/gnu/h-x86_64-mingw32/bin/../lib/gcc/nios2-elf/5.3.0/../../../../../H-x86_64-mingw32/nios2-elf/lib/mno-hw-mul\libc.a(lib_a-__atexit.o)
 .debug_aranges
                0x00000000000005d8       0x20 c:/intelfpga_lite/18.1/nios2eds/bin/gnu/h-x86_64-mingw32/bin/../lib/gcc/nios2-elf/5.3.0/../../../../../H-x86_64-mingw32/nios2-elf/lib/mno-hw-mul\libc.a(lib_a-__call_atexit.o)
 .debug_aranges
                0x00000000000005f8       0x20 c:/intelfpga_lite/18.1/nios2eds/bin/gnu/h-x86_64-mingw32/bin/../lib/gcc/nios2-elf/5.3.0/mno-hw-mul\libgcc.a(lib2-mul.o)
 .debug_aranges
                0x0000000000000618       0x20 C:/Users/vladi/Desktop/Elec/Architecture_SE/Radar_2D_Vlad/sof/telemetre_vlad_bsp/\libhal_bsp.a(alt_exit.o)

.debug_pubnames
 *(.debug_pubnames)

.debug_info     0x0000000000000000     0x7de2
 *(.debug_info .gnu.linkonce.wi.*)
 .debug_info    0x0000000000000000       0x85 C:/Users/vladi/Desktop/Elec/Architecture_SE/Radar_2D_Vlad/sof/telemetre_vlad_bsp//obj/HAL/src/crt0.o
 .debug_info    0x0000000000000085       0xf3 obj/default/telemetre_sept_seg.o
 .debug_info    0x0000000000000178      0x2c6 c:/intelfpga_lite/18.1/nios2eds/bin/gnu/h-x86_64-mingw32/bin/../lib/gcc/nios2-elf/5.3.0/mno-hw-mul\libgcc.a(lib2-divmod.o)
 .debug_info    0x000000000000043e      0x145 C:/Users/vladi/Desktop/Elec/Architecture_SE/Radar_2D_Vlad/sof/telemetre_vlad_bsp/\libhal_bsp.a(alt_load.o)
 .debug_info    0x0000000000000583      0x131 C:/Users/vladi/Desktop/Elec/Architecture_SE/Radar_2D_Vlad/sof/telemetre_vlad_bsp/\libhal_bsp.a(alt_main.o)
 .debug_info    0x00000000000006b4       0xb0 C:/Users/vladi/Desktop/Elec/Architecture_SE/Radar_2D_Vlad/sof/telemetre_vlad_bsp/\libhal_bsp.a(alt_usleep.o)
 .debug_info    0x0000000000000764      0x6b5 C:/Users/vladi/Desktop/Elec/Architecture_SE/Radar_2D_Vlad/sof/telemetre_vlad_bsp/\libhal_bsp.a(alt_sys_init.o)
 .debug_info    0x0000000000000e19      0x52e C:/Users/vladi/Desktop/Elec/Architecture_SE/Radar_2D_Vlad/sof/telemetre_vlad_bsp/\libhal_bsp.a(altera_avalon_jtag_uart_fd.o)
 .debug_info    0x0000000000001347      0x3a0 C:/Users/vladi/Desktop/Elec/Architecture_SE/Radar_2D_Vlad/sof/telemetre_vlad_bsp/\libhal_bsp.a(altera_avalon_jtag_uart_init.o)
 .debug_info    0x00000000000016e7      0x280 C:/Users/vladi/Desktop/Elec/Architecture_SE/Radar_2D_Vlad/sof/telemetre_vlad_bsp/\libhal_bsp.a(altera_avalon_jtag_uart_ioctl.o)
 .debug_info    0x0000000000001967      0x345 C:/Users/vladi/Desktop/Elec/Architecture_SE/Radar_2D_Vlad/sof/telemetre_vlad_bsp/\libhal_bsp.a(altera_avalon_jtag_uart_read.o)
 .debug_info    0x0000000000001cac      0x340 C:/Users/vladi/Desktop/Elec/Architecture_SE/Radar_2D_Vlad/sof/telemetre_vlad_bsp/\libhal_bsp.a(altera_avalon_jtag_uart_write.o)
 .debug_info    0x0000000000001fec      0x226 C:/Users/vladi/Desktop/Elec/Architecture_SE/Radar_2D_Vlad/sof/telemetre_vlad_bsp/\libhal_bsp.a(altera_avalon_timer_sc.o)
 .debug_info    0x0000000000002212      0x2cc C:/Users/vladi/Desktop/Elec/Architecture_SE/Radar_2D_Vlad/sof/telemetre_vlad_bsp/\libhal_bsp.a(alt_alarm_start.o)
 .debug_info    0x00000000000024de       0xd7 C:/Users/vladi/Desktop/Elec/Architecture_SE/Radar_2D_Vlad/sof/telemetre_vlad_bsp/\libhal_bsp.a(alt_busy_sleep.o)
 .debug_info    0x00000000000025b5      0x321 C:/Users/vladi/Desktop/Elec/Architecture_SE/Radar_2D_Vlad/sof/telemetre_vlad_bsp/\libhal_bsp.a(alt_close.o)
 .debug_info    0x00000000000028d6       0x92 C:/Users/vladi/Desktop/Elec/Architecture_SE/Radar_2D_Vlad/sof/telemetre_vlad_bsp/\libhal_bsp.a(alt_dcache_flush_all.o)
 .debug_info    0x0000000000002968      0x49c C:/Users/vladi/Desktop/Elec/Architecture_SE/Radar_2D_Vlad/sof/telemetre_vlad_bsp/\libhal_bsp.a(alt_dev.o)
 .debug_info    0x0000000000002e04      0x1a9 C:/Users/vladi/Desktop/Elec/Architecture_SE/Radar_2D_Vlad/sof/telemetre_vlad_bsp/\libhal_bsp.a(alt_dev_llist_insert.o)
 .debug_info    0x0000000000002fad       0x83 C:/Users/vladi/Desktop/Elec/Architecture_SE/Radar_2D_Vlad/sof/telemetre_vlad_bsp/\libhal_bsp.a(alt_do_ctors.o)
 .debug_info    0x0000000000003030       0x83 C:/Users/vladi/Desktop/Elec/Architecture_SE/Radar_2D_Vlad/sof/telemetre_vlad_bsp/\libhal_bsp.a(alt_do_dtors.o)
 .debug_info    0x00000000000030b3       0xa6 C:/Users/vladi/Desktop/Elec/Architecture_SE/Radar_2D_Vlad/sof/telemetre_vlad_bsp/\libhal_bsp.a(alt_errno.o)
 .debug_info    0x0000000000003159       0x92 C:/Users/vladi/Desktop/Elec/Architecture_SE/Radar_2D_Vlad/sof/telemetre_vlad_bsp/\libhal_bsp.a(alt_icache_flush_all.o)
 .debug_info    0x00000000000031eb      0x350 C:/Users/vladi/Desktop/Elec/Architecture_SE/Radar_2D_Vlad/sof/telemetre_vlad_bsp/\libhal_bsp.a(alt_iic.o)
 .debug_info    0x000000000000353b      0x1ef C:/Users/vladi/Desktop/Elec/Architecture_SE/Radar_2D_Vlad/sof/telemetre_vlad_bsp/\libhal_bsp.a(alt_iic_isr_register.o)
 .debug_info    0x000000000000372a      0x4a5 C:/Users/vladi/Desktop/Elec/Architecture_SE/Radar_2D_Vlad/sof/telemetre_vlad_bsp/\libhal_bsp.a(alt_io_redirect.o)
 .debug_info    0x0000000000003bcf       0x8e C:/Users/vladi/Desktop/Elec/Architecture_SE/Radar_2D_Vlad/sof/telemetre_vlad_bsp/\libhal_bsp.a(alt_irq_entry.o)
 .debug_info    0x0000000000003c5d      0x187 C:/Users/vladi/Desktop/Elec/Architecture_SE/Radar_2D_Vlad/sof/telemetre_vlad_bsp/\libhal_bsp.a(alt_irq_handler.o)
 .debug_info    0x0000000000003de4       0x88 C:/Users/vladi/Desktop/Elec/Architecture_SE/Radar_2D_Vlad/sof/telemetre_vlad_bsp/\libhal_bsp.a(alt_irq_vars.o)
 .debug_info    0x0000000000003e6c      0x3bb C:/Users/vladi/Desktop/Elec/Architecture_SE/Radar_2D_Vlad/sof/telemetre_vlad_bsp/\libhal_bsp.a(alt_open.o)
 .debug_info    0x0000000000004227      0x2b0 C:/Users/vladi/Desktop/Elec/Architecture_SE/Radar_2D_Vlad/sof/telemetre_vlad_bsp/\libhal_bsp.a(alt_release_fd.o)
 .debug_info    0x00000000000044d7      0x299 C:/Users/vladi/Desktop/Elec/Architecture_SE/Radar_2D_Vlad/sof/telemetre_vlad_bsp/\libhal_bsp.a(alt_tick.o)
 .debug_info    0x0000000000004770       0x92 C:/Users/vladi/Desktop/Elec/Architecture_SE/Radar_2D_Vlad/sof/telemetre_vlad_bsp/\libhal_bsp.a(altera_nios2_gen2_irq.o)
 .debug_info    0x0000000000004802       0x94 C:/Users/vladi/Desktop/Elec/Architecture_SE/Radar_2D_Vlad/sof/telemetre_vlad_bsp/\libhal_bsp.a(alt_exception_entry.o)
 .debug_info    0x0000000000004896      0x2e9 C:/Users/vladi/Desktop/Elec/Architecture_SE/Radar_2D_Vlad/sof/telemetre_vlad_bsp/\libhal_bsp.a(alt_find_dev.o)
 .debug_info    0x0000000000004b7f      0x2e6 C:/Users/vladi/Desktop/Elec/Architecture_SE/Radar_2D_Vlad/sof/telemetre_vlad_bsp/\libhal_bsp.a(alt_find_file.o)
 .debug_info    0x0000000000004e65      0x310 C:/Users/vladi/Desktop/Elec/Architecture_SE/Radar_2D_Vlad/sof/telemetre_vlad_bsp/\libhal_bsp.a(alt_get_fd.o)
 .debug_info    0x0000000000005175      0x1e7 C:/Users/vladi/Desktop/Elec/Architecture_SE/Radar_2D_Vlad/sof/telemetre_vlad_bsp/\libhal_bsp.a(alt_instruction_exception_entry.o)
 .debug_info    0x000000000000535c       0xfe c:/intelfpga_lite/18.1/nios2eds/bin/gnu/h-x86_64-mingw32/bin/../lib/gcc/nios2-elf/5.3.0/../../../../../H-x86_64-mingw32/nios2-elf/lib/mno-hw-mul\libc.a(lib_a-atexit.o)
 .debug_info    0x000000000000545a      0x8e4 c:/intelfpga_lite/18.1/nios2eds/bin/gnu/h-x86_64-mingw32/bin/../lib/gcc/nios2-elf/5.3.0/../../../../../H-x86_64-mingw32/nios2-elf/lib/mno-hw-mul\libc.a(lib_a-exit.o)
 .debug_info    0x0000000000005d3e      0x8a1 c:/intelfpga_lite/18.1/nios2eds/bin/gnu/h-x86_64-mingw32/bin/../lib/gcc/nios2-elf/5.3.0/../../../../../H-x86_64-mingw32/nios2-elf/lib/mno-hw-mul\libc.a(lib_a-impure.o)
 .debug_info    0x00000000000065df       0x8a c:/intelfpga_lite/18.1/nios2eds/bin/gnu/h-x86_64-mingw32/bin/../lib/gcc/nios2-elf/5.3.0/../../../../../H-x86_64-mingw32/nios2-elf/lib/mno-hw-mul\libc.a(lib_a-int_errno.o)
 .debug_info    0x0000000000006669      0x11a c:/intelfpga_lite/18.1/nios2eds/bin/gnu/h-x86_64-mingw32/bin/../lib/gcc/nios2-elf/5.3.0/../../../../../H-x86_64-mingw32/nios2-elf/lib/mno-hw-mul\libc.a(lib_a-memcmp.o)
 .debug_info    0x0000000000006783      0x144 c:/intelfpga_lite/18.1/nios2eds/bin/gnu/h-x86_64-mingw32/bin/../lib/gcc/nios2-elf/5.3.0/../../../../../H-x86_64-mingw32/nios2-elf/lib/mno-hw-mul\libc.a(lib_a-memcpy.o)
 .debug_info    0x00000000000068c7       0xe2 c:/intelfpga_lite/18.1/nios2eds/bin/gnu/h-x86_64-mingw32/bin/../lib/gcc/nios2-elf/5.3.0/../../../../../H-x86_64-mingw32/nios2-elf/lib/mno-hw-mul\libc.a(lib_a-strlen.o)
 .debug_info    0x00000000000069a9      0x934 c:/intelfpga_lite/18.1/nios2eds/bin/gnu/h-x86_64-mingw32/bin/../lib/gcc/nios2-elf/5.3.0/../../../../../H-x86_64-mingw32/nios2-elf/lib/mno-hw-mul\libc.a(lib_a-__atexit.o)
 .debug_info    0x00000000000072dd      0x965 c:/intelfpga_lite/18.1/nios2eds/bin/gnu/h-x86_64-mingw32/bin/../lib/gcc/nios2-elf/5.3.0/../../../../../H-x86_64-mingw32/nios2-elf/lib/mno-hw-mul\libc.a(lib_a-__call_atexit.o)
 .debug_info    0x0000000000007c42       0xb4 c:/intelfpga_lite/18.1/nios2eds/bin/gnu/h-x86_64-mingw32/bin/../lib/gcc/nios2-elf/5.3.0/mno-hw-mul\libgcc.a(lib2-mul.o)
 .debug_info    0x0000000000007cf6       0xec C:/Users/vladi/Desktop/Elec/Architecture_SE/Radar_2D_Vlad/sof/telemetre_vlad_bsp/\libhal_bsp.a(alt_exit.o)

.debug_abbrev   0x0000000000000000     0x2c74
 *(.debug_abbrev)
 .debug_abbrev  0x0000000000000000       0x12 C:/Users/vladi/Desktop/Elec/Architecture_SE/Radar_2D_Vlad/sof/telemetre_vlad_bsp//obj/HAL/src/crt0.o
 .debug_abbrev  0x0000000000000012       0x83 obj/default/telemetre_sept_seg.o
 .debug_abbrev  0x0000000000000095      0x10e c:/intelfpga_lite/18.1/nios2eds/bin/gnu/h-x86_64-mingw32/bin/../lib/gcc/nios2-elf/5.3.0/mno-hw-mul\libgcc.a(lib2-divmod.o)
 .debug_abbrev  0x00000000000001a3       0x9f C:/Users/vladi/Desktop/Elec/Architecture_SE/Radar_2D_Vlad/sof/telemetre_vlad_bsp/\libhal_bsp.a(alt_load.o)
 .debug_abbrev  0x0000000000000242       0xba C:/Users/vladi/Desktop/Elec/Architecture_SE/Radar_2D_Vlad/sof/telemetre_vlad_bsp/\libhal_bsp.a(alt_main.o)
 .debug_abbrev  0x00000000000002fc       0x60 C:/Users/vladi/Desktop/Elec/Architecture_SE/Radar_2D_Vlad/sof/telemetre_vlad_bsp/\libhal_bsp.a(alt_usleep.o)
 .debug_abbrev  0x000000000000035c      0x183 C:/Users/vladi/Desktop/Elec/Architecture_SE/Radar_2D_Vlad/sof/telemetre_vlad_bsp/\libhal_bsp.a(alt_sys_init.o)
 .debug_abbrev  0x00000000000004df      0x127 C:/Users/vladi/Desktop/Elec/Architecture_SE/Radar_2D_Vlad/sof/telemetre_vlad_bsp/\libhal_bsp.a(altera_avalon_jtag_uart_fd.o)
 .debug_abbrev  0x0000000000000606      0x19e C:/Users/vladi/Desktop/Elec/Architecture_SE/Radar_2D_Vlad/sof/telemetre_vlad_bsp/\libhal_bsp.a(altera_avalon_jtag_uart_init.o)
 .debug_abbrev  0x00000000000007a4      0x111 C:/Users/vladi/Desktop/Elec/Architecture_SE/Radar_2D_Vlad/sof/telemetre_vlad_bsp/\libhal_bsp.a(altera_avalon_jtag_uart_ioctl.o)
 .debug_abbrev  0x00000000000008b5      0x1aa C:/Users/vladi/Desktop/Elec/Architecture_SE/Radar_2D_Vlad/sof/telemetre_vlad_bsp/\libhal_bsp.a(altera_avalon_jtag_uart_read.o)
 .debug_abbrev  0x0000000000000a5f      0x1a8 C:/Users/vladi/Desktop/Elec/Architecture_SE/Radar_2D_Vlad/sof/telemetre_vlad_bsp/\libhal_bsp.a(altera_avalon_jtag_uart_write.o)
 .debug_abbrev  0x0000000000000c07      0x155 C:/Users/vladi/Desktop/Elec/Architecture_SE/Radar_2D_Vlad/sof/telemetre_vlad_bsp/\libhal_bsp.a(altera_avalon_timer_sc.o)
 .debug_abbrev  0x0000000000000d5c      0x162 C:/Users/vladi/Desktop/Elec/Architecture_SE/Radar_2D_Vlad/sof/telemetre_vlad_bsp/\libhal_bsp.a(alt_alarm_start.o)
 .debug_abbrev  0x0000000000000ebe       0x7e C:/Users/vladi/Desktop/Elec/Architecture_SE/Radar_2D_Vlad/sof/telemetre_vlad_bsp/\libhal_bsp.a(alt_busy_sleep.o)
 .debug_abbrev  0x0000000000000f3c      0x11f C:/Users/vladi/Desktop/Elec/Architecture_SE/Radar_2D_Vlad/sof/telemetre_vlad_bsp/\libhal_bsp.a(alt_close.o)
 .debug_abbrev  0x000000000000105b       0x42 C:/Users/vladi/Desktop/Elec/Architecture_SE/Radar_2D_Vlad/sof/telemetre_vlad_bsp/\libhal_bsp.a(alt_dcache_flush_all.o)
 .debug_abbrev  0x000000000000109d       0xd9 C:/Users/vladi/Desktop/Elec/Architecture_SE/Radar_2D_Vlad/sof/telemetre_vlad_bsp/\libhal_bsp.a(alt_dev.o)
 .debug_abbrev  0x0000000000001176      0x114 C:/Users/vladi/Desktop/Elec/Architecture_SE/Radar_2D_Vlad/sof/telemetre_vlad_bsp/\libhal_bsp.a(alt_dev_llist_insert.o)
 .debug_abbrev  0x000000000000128a       0x79 C:/Users/vladi/Desktop/Elec/Architecture_SE/Radar_2D_Vlad/sof/telemetre_vlad_bsp/\libhal_bsp.a(alt_do_ctors.o)
 .debug_abbrev  0x0000000000001303       0x79 C:/Users/vladi/Desktop/Elec/Architecture_SE/Radar_2D_Vlad/sof/telemetre_vlad_bsp/\libhal_bsp.a(alt_do_dtors.o)
 .debug_abbrev  0x000000000000137c       0x5a C:/Users/vladi/Desktop/Elec/Architecture_SE/Radar_2D_Vlad/sof/telemetre_vlad_bsp/\libhal_bsp.a(alt_errno.o)
 .debug_abbrev  0x00000000000013d6       0x42 C:/Users/vladi/Desktop/Elec/Architecture_SE/Radar_2D_Vlad/sof/telemetre_vlad_bsp/\libhal_bsp.a(alt_icache_flush_all.o)
 .debug_abbrev  0x0000000000001418      0x163 C:/Users/vladi/Desktop/Elec/Architecture_SE/Radar_2D_Vlad/sof/telemetre_vlad_bsp/\libhal_bsp.a(alt_iic.o)
 .debug_abbrev  0x000000000000157b      0x169 C:/Users/vladi/Desktop/Elec/Architecture_SE/Radar_2D_Vlad/sof/telemetre_vlad_bsp/\libhal_bsp.a(alt_iic_isr_register.o)
 .debug_abbrev  0x00000000000016e4      0x114 C:/Users/vladi/Desktop/Elec/Architecture_SE/Radar_2D_Vlad/sof/telemetre_vlad_bsp/\libhal_bsp.a(alt_io_redirect.o)
 .debug_abbrev  0x00000000000017f8       0x12 C:/Users/vladi/Desktop/Elec/Architecture_SE/Radar_2D_Vlad/sof/telemetre_vlad_bsp/\libhal_bsp.a(alt_irq_entry.o)
 .debug_abbrev  0x000000000000180a      0x122 C:/Users/vladi/Desktop/Elec/Architecture_SE/Radar_2D_Vlad/sof/telemetre_vlad_bsp/\libhal_bsp.a(alt_irq_handler.o)
 .debug_abbrev  0x000000000000192c       0x40 C:/Users/vladi/Desktop/Elec/Architecture_SE/Radar_2D_Vlad/sof/telemetre_vlad_bsp/\libhal_bsp.a(alt_irq_vars.o)
 .debug_abbrev  0x000000000000196c      0x148 C:/Users/vladi/Desktop/Elec/Architecture_SE/Radar_2D_Vlad/sof/telemetre_vlad_bsp/\libhal_bsp.a(alt_open.o)
 .debug_abbrev  0x0000000000001ab4       0xde C:/Users/vladi/Desktop/Elec/Architecture_SE/Radar_2D_Vlad/sof/telemetre_vlad_bsp/\libhal_bsp.a(alt_release_fd.o)
 .debug_abbrev  0x0000000000001b92      0x15a C:/Users/vladi/Desktop/Elec/Architecture_SE/Radar_2D_Vlad/sof/telemetre_vlad_bsp/\libhal_bsp.a(alt_tick.o)
 .debug_abbrev  0x0000000000001cec       0x42 C:/Users/vladi/Desktop/Elec/Architecture_SE/Radar_2D_Vlad/sof/telemetre_vlad_bsp/\libhal_bsp.a(altera_nios2_gen2_irq.o)
 .debug_abbrev  0x0000000000001d2e       0x12 C:/Users/vladi/Desktop/Elec/Architecture_SE/Radar_2D_Vlad/sof/telemetre_vlad_bsp/\libhal_bsp.a(alt_exception_entry.o)
 .debug_abbrev  0x0000000000001d40       0xf0 C:/Users/vladi/Desktop/Elec/Architecture_SE/Radar_2D_Vlad/sof/telemetre_vlad_bsp/\libhal_bsp.a(alt_find_dev.o)
 .debug_abbrev  0x0000000000001e30       0xf0 C:/Users/vladi/Desktop/Elec/Architecture_SE/Radar_2D_Vlad/sof/telemetre_vlad_bsp/\libhal_bsp.a(alt_find_file.o)
 .debug_abbrev  0x0000000000001f20      0x10d C:/Users/vladi/Desktop/Elec/Architecture_SE/Radar_2D_Vlad/sof/telemetre_vlad_bsp/\libhal_bsp.a(alt_get_fd.o)
 .debug_abbrev  0x000000000000202d       0xdc C:/Users/vladi/Desktop/Elec/Architecture_SE/Radar_2D_Vlad/sof/telemetre_vlad_bsp/\libhal_bsp.a(alt_instruction_exception_entry.o)
 .debug_abbrev  0x0000000000002109       0xaa c:/intelfpga_lite/18.1/nios2eds/bin/gnu/h-x86_64-mingw32/bin/../lib/gcc/nios2-elf/5.3.0/../../../../../H-x86_64-mingw32/nios2-elf/lib/mno-hw-mul\libc.a(lib_a-atexit.o)
 .debug_abbrev  0x00000000000021b3      0x1e5 c:/intelfpga_lite/18.1/nios2eds/bin/gnu/h-x86_64-mingw32/bin/../lib/gcc/nios2-elf/5.3.0/../../../../../H-x86_64-mingw32/nios2-elf/lib/mno-hw-mul\libc.a(lib_a-exit.o)
 .debug_abbrev  0x0000000000002398      0x18f c:/intelfpga_lite/18.1/nios2eds/bin/gnu/h-x86_64-mingw32/bin/../lib/gcc/nios2-elf/5.3.0/../../../../../H-x86_64-mingw32/nios2-elf/lib/mno-hw-mul\libc.a(lib_a-impure.o)
 .debug_abbrev  0x0000000000002527       0x37 c:/intelfpga_lite/18.1/nios2eds/bin/gnu/h-x86_64-mingw32/bin/../lib/gcc/nios2-elf/5.3.0/../../../../../H-x86_64-mingw32/nios2-elf/lib/mno-hw-mul\libc.a(lib_a-int_errno.o)
 .debug_abbrev  0x000000000000255e       0x7f c:/intelfpga_lite/18.1/nios2eds/bin/gnu/h-x86_64-mingw32/bin/../lib/gcc/nios2-elf/5.3.0/../../../../../H-x86_64-mingw32/nios2-elf/lib/mno-hw-mul\libc.a(lib_a-memcmp.o)
 .debug_abbrev  0x00000000000025dd       0xa3 c:/intelfpga_lite/18.1/nios2eds/bin/gnu/h-x86_64-mingw32/bin/../lib/gcc/nios2-elf/5.3.0/../../../../../H-x86_64-mingw32/nios2-elf/lib/mno-hw-mul\libc.a(lib_a-memcpy.o)
 .debug_abbrev  0x0000000000002680       0x90 c:/intelfpga_lite/18.1/nios2eds/bin/gnu/h-x86_64-mingw32/bin/../lib/gcc/nios2-elf/5.3.0/../../../../../H-x86_64-mingw32/nios2-elf/lib/mno-hw-mul\libc.a(lib_a-strlen.o)
 .debug_abbrev  0x0000000000002710      0x21e c:/intelfpga_lite/18.1/nios2eds/bin/gnu/h-x86_64-mingw32/bin/../lib/gcc/nios2-elf/5.3.0/../../../../../H-x86_64-mingw32/nios2-elf/lib/mno-hw-mul\libc.a(lib_a-__atexit.o)
 .debug_abbrev  0x000000000000292e      0x22e c:/intelfpga_lite/18.1/nios2eds/bin/gnu/h-x86_64-mingw32/bin/../lib/gcc/nios2-elf/5.3.0/../../../../../H-x86_64-mingw32/nios2-elf/lib/mno-hw-mul\libc.a(lib_a-__call_atexit.o)
 .debug_abbrev  0x0000000000002b5c       0x6f c:/intelfpga_lite/18.1/nios2eds/bin/gnu/h-x86_64-mingw32/bin/../lib/gcc/nios2-elf/5.3.0/mno-hw-mul\libgcc.a(lib2-mul.o)
 .debug_abbrev  0x0000000000002bcb       0xa9 C:/Users/vladi/Desktop/Elec/Architecture_SE/Radar_2D_Vlad/sof/telemetre_vlad_bsp/\libhal_bsp.a(alt_exit.o)

.debug_line     0x0000000000000000     0x2e4a
 *(.debug_line)
 .debug_line    0x0000000000000000       0x66 C:/Users/vladi/Desktop/Elec/Architecture_SE/Radar_2D_Vlad/sof/telemetre_vlad_bsp//obj/HAL/src/crt0.o
 .debug_line    0x0000000000000066       0xe5 obj/default/telemetre_sept_seg.o
 .debug_line    0x000000000000014b      0x105 c:/intelfpga_lite/18.1/nios2eds/bin/gnu/h-x86_64-mingw32/bin/../lib/gcc/nios2-elf/5.3.0/mno-hw-mul\libgcc.a(lib2-divmod.o)
 .debug_line    0x0000000000000250       0x8e C:/Users/vladi/Desktop/Elec/Architecture_SE/Radar_2D_Vlad/sof/telemetre_vlad_bsp/\libhal_bsp.a(alt_load.o)
 .debug_line    0x00000000000002de       0xa4 C:/Users/vladi/Desktop/Elec/Architecture_SE/Radar_2D_Vlad/sof/telemetre_vlad_bsp/\libhal_bsp.a(alt_main.o)
 .debug_line    0x0000000000000382       0xad C:/Users/vladi/Desktop/Elec/Architecture_SE/Radar_2D_Vlad/sof/telemetre_vlad_bsp/\libhal_bsp.a(alt_usleep.o)
 .debug_line    0x000000000000042f      0x237 C:/Users/vladi/Desktop/Elec/Architecture_SE/Radar_2D_Vlad/sof/telemetre_vlad_bsp/\libhal_bsp.a(alt_sys_init.o)
 .debug_line    0x0000000000000666      0x12f C:/Users/vladi/Desktop/Elec/Architecture_SE/Radar_2D_Vlad/sof/telemetre_vlad_bsp/\libhal_bsp.a(altera_avalon_jtag_uart_fd.o)
 .debug_line    0x0000000000000795      0x18b C:/Users/vladi/Desktop/Elec/Architecture_SE/Radar_2D_Vlad/sof/telemetre_vlad_bsp/\libhal_bsp.a(altera_avalon_jtag_uart_init.o)
 .debug_line    0x0000000000000920      0x131 C:/Users/vladi/Desktop/Elec/Architecture_SE/Radar_2D_Vlad/sof/telemetre_vlad_bsp/\libhal_bsp.a(altera_avalon_jtag_uart_ioctl.o)
 .debug_line    0x0000000000000a51      0x171 C:/Users/vladi/Desktop/Elec/Architecture_SE/Radar_2D_Vlad/sof/telemetre_vlad_bsp/\libhal_bsp.a(altera_avalon_jtag_uart_read.o)
 .debug_line    0x0000000000000bc2      0x170 C:/Users/vladi/Desktop/Elec/Architecture_SE/Radar_2D_Vlad/sof/telemetre_vlad_bsp/\libhal_bsp.a(altera_avalon_jtag_uart_write.o)
 .debug_line    0x0000000000000d32       0xfd C:/Users/vladi/Desktop/Elec/Architecture_SE/Radar_2D_Vlad/sof/telemetre_vlad_bsp/\libhal_bsp.a(altera_avalon_timer_sc.o)
 .debug_line    0x0000000000000e2f       0xf9 C:/Users/vladi/Desktop/Elec/Architecture_SE/Radar_2D_Vlad/sof/telemetre_vlad_bsp/\libhal_bsp.a(alt_alarm_start.o)
 .debug_line    0x0000000000000f28       0xa2 C:/Users/vladi/Desktop/Elec/Architecture_SE/Radar_2D_Vlad/sof/telemetre_vlad_bsp/\libhal_bsp.a(alt_busy_sleep.o)
 .debug_line    0x0000000000000fca      0x165 C:/Users/vladi/Desktop/Elec/Architecture_SE/Radar_2D_Vlad/sof/telemetre_vlad_bsp/\libhal_bsp.a(alt_close.o)
 .debug_line    0x000000000000112f       0x51 C:/Users/vladi/Desktop/Elec/Architecture_SE/Radar_2D_Vlad/sof/telemetre_vlad_bsp/\libhal_bsp.a(alt_dcache_flush_all.o)
 .debug_line    0x0000000000001180       0xf8 C:/Users/vladi/Desktop/Elec/Architecture_SE/Radar_2D_Vlad/sof/telemetre_vlad_bsp/\libhal_bsp.a(alt_dev.o)
 .debug_line    0x0000000000001278       0xcf C:/Users/vladi/Desktop/Elec/Architecture_SE/Radar_2D_Vlad/sof/telemetre_vlad_bsp/\libhal_bsp.a(alt_dev_llist_insert.o)
 .debug_line    0x0000000000001347       0x59 C:/Users/vladi/Desktop/Elec/Architecture_SE/Radar_2D_Vlad/sof/telemetre_vlad_bsp/\libhal_bsp.a(alt_do_ctors.o)
 .debug_line    0x00000000000013a0       0x59 C:/Users/vladi/Desktop/Elec/Architecture_SE/Radar_2D_Vlad/sof/telemetre_vlad_bsp/\libhal_bsp.a(alt_do_dtors.o)
 .debug_line    0x00000000000013f9       0x51 C:/Users/vladi/Desktop/Elec/Architecture_SE/Radar_2D_Vlad/sof/telemetre_vlad_bsp/\libhal_bsp.a(alt_errno.o)
 .debug_line    0x000000000000144a       0x4f C:/Users/vladi/Desktop/Elec/Architecture_SE/Radar_2D_Vlad/sof/telemetre_vlad_bsp/\libhal_bsp.a(alt_icache_flush_all.o)
 .debug_line    0x0000000000001499       0xeb C:/Users/vladi/Desktop/Elec/Architecture_SE/Radar_2D_Vlad/sof/telemetre_vlad_bsp/\libhal_bsp.a(alt_iic.o)
 .debug_line    0x0000000000001584       0xdb C:/Users/vladi/Desktop/Elec/Architecture_SE/Radar_2D_Vlad/sof/telemetre_vlad_bsp/\libhal_bsp.a(alt_iic_isr_register.o)
 .debug_line    0x000000000000165f      0x135 C:/Users/vladi/Desktop/Elec/Architecture_SE/Radar_2D_Vlad/sof/telemetre_vlad_bsp/\libhal_bsp.a(alt_io_redirect.o)
 .debug_line    0x0000000000001794       0x6b C:/Users/vladi/Desktop/Elec/Architecture_SE/Radar_2D_Vlad/sof/telemetre_vlad_bsp/\libhal_bsp.a(alt_irq_entry.o)
 .debug_line    0x00000000000017ff       0xaa C:/Users/vladi/Desktop/Elec/Architecture_SE/Radar_2D_Vlad/sof/telemetre_vlad_bsp/\libhal_bsp.a(alt_irq_handler.o)
 .debug_line    0x00000000000018a9       0x50 C:/Users/vladi/Desktop/Elec/Architecture_SE/Radar_2D_Vlad/sof/telemetre_vlad_bsp/\libhal_bsp.a(alt_irq_vars.o)
 .debug_line    0x00000000000018f9      0x12b C:/Users/vladi/Desktop/Elec/Architecture_SE/Radar_2D_Vlad/sof/telemetre_vlad_bsp/\libhal_bsp.a(alt_open.o)
 .debug_line    0x0000000000001a24       0xb0 C:/Users/vladi/Desktop/Elec/Architecture_SE/Radar_2D_Vlad/sof/telemetre_vlad_bsp/\libhal_bsp.a(alt_release_fd.o)
 .debug_line    0x0000000000001ad4       0xff C:/Users/vladi/Desktop/Elec/Architecture_SE/Radar_2D_Vlad/sof/telemetre_vlad_bsp/\libhal_bsp.a(alt_tick.o)
 .debug_line    0x0000000000001bd3       0x51 C:/Users/vladi/Desktop/Elec/Architecture_SE/Radar_2D_Vlad/sof/telemetre_vlad_bsp/\libhal_bsp.a(altera_nios2_gen2_irq.o)
 .debug_line    0x0000000000001c24       0xb3 C:/Users/vladi/Desktop/Elec/Architecture_SE/Radar_2D_Vlad/sof/telemetre_vlad_bsp/\libhal_bsp.a(alt_exception_entry.o)
 .debug_line    0x0000000000001cd7       0xb5 C:/Users/vladi/Desktop/Elec/Architecture_SE/Radar_2D_Vlad/sof/telemetre_vlad_bsp/\libhal_bsp.a(alt_find_dev.o)
 .debug_line    0x0000000000001d8c       0xd1 C:/Users/vladi/Desktop/Elec/Architecture_SE/Radar_2D_Vlad/sof/telemetre_vlad_bsp/\libhal_bsp.a(alt_find_file.o)
 .debug_line    0x0000000000001e5d       0xd7 C:/Users/vladi/Desktop/Elec/Architecture_SE/Radar_2D_Vlad/sof/telemetre_vlad_bsp/\libhal_bsp.a(alt_get_fd.o)
 .debug_line    0x0000000000001f34       0xb9 C:/Users/vladi/Desktop/Elec/Architecture_SE/Radar_2D_Vlad/sof/telemetre_vlad_bsp/\libhal_bsp.a(alt_instruction_exception_entry.o)
 .debug_line    0x0000000000001fed       0xe7 c:/intelfpga_lite/18.1/nios2eds/bin/gnu/h-x86_64-mingw32/bin/../lib/gcc/nios2-elf/5.3.0/../../../../../H-x86_64-mingw32/nios2-elf/lib/mno-hw-mul\libc.a(lib_a-atexit.o)
 .debug_line    0x00000000000020d4      0x1fc c:/intelfpga_lite/18.1/nios2eds/bin/gnu/h-x86_64-mingw32/bin/../lib/gcc/nios2-elf/5.3.0/../../../../../H-x86_64-mingw32/nios2-elf/lib/mno-hw-mul\libc.a(lib_a-exit.o)
 .debug_line    0x00000000000022d0      0x160 c:/intelfpga_lite/18.1/nios2eds/bin/gnu/h-x86_64-mingw32/bin/../lib/gcc/nios2-elf/5.3.0/../../../../../H-x86_64-mingw32/nios2-elf/lib/mno-hw-mul\libc.a(lib_a-impure.o)
 .debug_line    0x0000000000002430       0x5f c:/intelfpga_lite/18.1/nios2eds/bin/gnu/h-x86_64-mingw32/bin/../lib/gcc/nios2-elf/5.3.0/../../../../../H-x86_64-mingw32/nios2-elf/lib/mno-hw-mul\libc.a(lib_a-int_errno.o)
 .debug_line    0x000000000000248f      0x176 c:/intelfpga_lite/18.1/nios2eds/bin/gnu/h-x86_64-mingw32/bin/../lib/gcc/nios2-elf/5.3.0/../../../../../H-x86_64-mingw32/nios2-elf/lib/mno-hw-mul\libc.a(lib_a-memcmp.o)
 .debug_line    0x0000000000002605      0x18c c:/intelfpga_lite/18.1/nios2eds/bin/gnu/h-x86_64-mingw32/bin/../lib/gcc/nios2-elf/5.3.0/../../../../../H-x86_64-mingw32/nios2-elf/lib/mno-hw-mul\libc.a(lib_a-memcpy.o)
 .debug_line    0x0000000000002791      0x16f c:/intelfpga_lite/18.1/nios2eds/bin/gnu/h-x86_64-mingw32/bin/../lib/gcc/nios2-elf/5.3.0/../../../../../H-x86_64-mingw32/nios2-elf/lib/mno-hw-mul\libc.a(lib_a-strlen.o)
 .debug_line    0x0000000000002900      0x21f c:/intelfpga_lite/18.1/nios2eds/bin/gnu/h-x86_64-mingw32/bin/../lib/gcc/nios2-elf/5.3.0/../../../../../H-x86_64-mingw32/nios2-elf/lib/mno-hw-mul\libc.a(lib_a-__atexit.o)
 .debug_line    0x0000000000002b1f      0x23a c:/intelfpga_lite/18.1/nios2eds/bin/gnu/h-x86_64-mingw32/bin/../lib/gcc/nios2-elf/5.3.0/../../../../../H-x86_64-mingw32/nios2-elf/lib/mno-hw-mul\libc.a(lib_a-__call_atexit.o)
 .debug_line    0x0000000000002d59       0x80 c:/intelfpga_lite/18.1/nios2eds/bin/gnu/h-x86_64-mingw32/bin/../lib/gcc/nios2-elf/5.3.0/mno-hw-mul\libgcc.a(lib2-mul.o)
 .debug_line    0x0000000000002dd9       0x71 C:/Users/vladi/Desktop/Elec/Architecture_SE/Radar_2D_Vlad/sof/telemetre_vlad_bsp/\libhal_bsp.a(alt_exit.o)

.debug_frame    0x0000000000000000      0xbc4
 *(.debug_frame)
 .debug_frame   0x0000000000000000       0x2c obj/default/telemetre_sept_seg.o
 .debug_frame   0x000000000000002c       0x50 c:/intelfpga_lite/18.1/nios2eds/bin/gnu/h-x86_64-mingw32/bin/../lib/gcc/nios2-elf/5.3.0/mno-hw-mul\libgcc.a(lib2-divmod.o)
 .debug_frame   0x000000000000007c       0x5c C:/Users/vladi/Desktop/Elec/Architecture_SE/Radar_2D_Vlad/sof/telemetre_vlad_bsp/\libhal_bsp.a(alt_load.o)
 .debug_frame   0x00000000000000d8       0x2c C:/Users/vladi/Desktop/Elec/Architecture_SE/Radar_2D_Vlad/sof/telemetre_vlad_bsp/\libhal_bsp.a(alt_main.o)
 .debug_frame   0x0000000000000104       0x38 C:/Users/vladi/Desktop/Elec/Architecture_SE/Radar_2D_Vlad/sof/telemetre_vlad_bsp/\libhal_bsp.a(alt_usleep.o)
 .debug_frame   0x000000000000013c       0x88 C:/Users/vladi/Desktop/Elec/Architecture_SE/Radar_2D_Vlad/sof/telemetre_vlad_bsp/\libhal_bsp.a(alt_sys_init.o)
 .debug_frame   0x00000000000001c4       0xb0 C:/Users/vladi/Desktop/Elec/Architecture_SE/Radar_2D_Vlad/sof/telemetre_vlad_bsp/\libhal_bsp.a(altera_avalon_jtag_uart_fd.o)
 .debug_frame   0x0000000000000274       0xa4 C:/Users/vladi/Desktop/Elec/Architecture_SE/Radar_2D_Vlad/sof/telemetre_vlad_bsp/\libhal_bsp.a(altera_avalon_jtag_uart_init.o)
 .debug_frame   0x0000000000000318       0x34 C:/Users/vladi/Desktop/Elec/Architecture_SE/Radar_2D_Vlad/sof/telemetre_vlad_bsp/\libhal_bsp.a(altera_avalon_jtag_uart_ioctl.o)
 .debug_frame   0x000000000000034c       0x38 C:/Users/vladi/Desktop/Elec/Architecture_SE/Radar_2D_Vlad/sof/telemetre_vlad_bsp/\libhal_bsp.a(altera_avalon_jtag_uart_read.o)
 .debug_frame   0x0000000000000384       0x38 C:/Users/vladi/Desktop/Elec/Architecture_SE/Radar_2D_Vlad/sof/telemetre_vlad_bsp/\libhal_bsp.a(altera_avalon_jtag_uart_write.o)
 .debug_frame   0x00000000000003bc       0x60 C:/Users/vladi/Desktop/Elec/Architecture_SE/Radar_2D_Vlad/sof/telemetre_vlad_bsp/\libhal_bsp.a(altera_avalon_timer_sc.o)
 .debug_frame   0x000000000000041c       0x34 C:/Users/vladi/Desktop/Elec/Architecture_SE/Radar_2D_Vlad/sof/telemetre_vlad_bsp/\libhal_bsp.a(alt_alarm_start.o)
 .debug_frame   0x0000000000000450       0x38 C:/Users/vladi/Desktop/Elec/Architecture_SE/Radar_2D_Vlad/sof/telemetre_vlad_bsp/\libhal_bsp.a(alt_busy_sleep.o)
 .debug_frame   0x0000000000000488       0x60 C:/Users/vladi/Desktop/Elec/Architecture_SE/Radar_2D_Vlad/sof/telemetre_vlad_bsp/\libhal_bsp.a(alt_close.o)
 .debug_frame   0x00000000000004e8       0x34 C:/Users/vladi/Desktop/Elec/Architecture_SE/Radar_2D_Vlad/sof/telemetre_vlad_bsp/\libhal_bsp.a(alt_dcache_flush_all.o)
 .debug_frame   0x000000000000051c       0x34 C:/Users/vladi/Desktop/Elec/Architecture_SE/Radar_2D_Vlad/sof/telemetre_vlad_bsp/\libhal_bsp.a(alt_dev.o)
 .debug_frame   0x0000000000000550       0x60 C:/Users/vladi/Desktop/Elec/Architecture_SE/Radar_2D_Vlad/sof/telemetre_vlad_bsp/\libhal_bsp.a(alt_dev_llist_insert.o)
 .debug_frame   0x00000000000005b0       0x38 C:/Users/vladi/Desktop/Elec/Architecture_SE/Radar_2D_Vlad/sof/telemetre_vlad_bsp/\libhal_bsp.a(alt_do_ctors.o)
 .debug_frame   0x00000000000005e8       0x38 C:/Users/vladi/Desktop/Elec/Architecture_SE/Radar_2D_Vlad/sof/telemetre_vlad_bsp/\libhal_bsp.a(alt_do_dtors.o)
 .debug_frame   0x0000000000000620       0x34 C:/Users/vladi/Desktop/Elec/Architecture_SE/Radar_2D_Vlad/sof/telemetre_vlad_bsp/\libhal_bsp.a(alt_icache_flush_all.o)
 .debug_frame   0x0000000000000654       0xa4 C:/Users/vladi/Desktop/Elec/Architecture_SE/Radar_2D_Vlad/sof/telemetre_vlad_bsp/\libhal_bsp.a(alt_iic.o)
 .debug_frame   0x00000000000006f8       0x38 C:/Users/vladi/Desktop/Elec/Architecture_SE/Radar_2D_Vlad/sof/telemetre_vlad_bsp/\libhal_bsp.a(alt_iic_isr_register.o)
 .debug_frame   0x0000000000000730       0x64 C:/Users/vladi/Desktop/Elec/Architecture_SE/Radar_2D_Vlad/sof/telemetre_vlad_bsp/\libhal_bsp.a(alt_io_redirect.o)